// Vitest Snapshot v1, https://vitest.dev/guide/snapshot.html

exports[`spawn override campaign-normal regression > matches the post-migration campaign-normal event baseline for a fixed seed 1`] = `
[
  {
    "archetypeId": "slime-one-eye",
    "kind": "enemySpawn",
    "simTime": 16.6667,
    "x": 6.0114,
    "y": -8.1,
  },
  {
    "archetypeId": "slime-one-eye",
    "entityKind": "enemy",
    "kind": "death",
    "simTime": 16.6667,
    "x": 5.9856,
    "y": -8.0652,
  },
  {
    "archetypeId": "slime-one-eye",
    "kind": "enemySpawn",
    "simTime": 1516.6667,
    "x": 8.1494,
    "y": -8.1,
  },
  {
    "archetypeId": "slime-one-eye",
    "entityKind": "enemy",
    "kind": "death",
    "simTime": 1516.6667,
    "x": 8.1187,
    "y": -8.0695,
  },
  {
    "archetypeId": "slime-sleeper",
    "kind": "enemySpawn",
    "simTime": 3033.3333,
    "x": 10.2228,
    "y": 8.05,
  },
  {
    "archetypeId": "slime-sleeper",
    "entityKind": "enemy",
    "kind": "death",
    "simTime": 3033.3333,
    "x": 10.2097,
    "y": 8.0397,
  },
  {
    "archetypeId": "heal-orb",
    "kind": "dropSpawn",
    "simTime": 3033.3333,
    "x": 10.2097,
    "y": 8.0397,
  },
  {
    "archetypeId": "heal-orb",
    "kind": "dropPickup",
    "simTime": 3050,
    "x": 10.2097,
    "y": 8.0397,
  },
  {
    "archetypeId": "slime-one-eye",
    "kind": "enemySpawn",
    "simTime": 4550,
    "x": 15.1,
    "y": -1.3845,
  },
  {
    "archetypeId": "slime-one-eye",
    "entityKind": "enemy",
    "kind": "death",
    "simTime": 4550,
    "x": 15.08,
    "y": -1.3461,
  },
  {
    "archetypeId": "slime-hornling",
    "kind": "enemySpawn",
    "simTime": 6050,
    "x": 15,
    "y": 7.0895,
  },
  {
    "archetypeId": "slime-hornling",
    "entityKind": "enemy",
    "kind": "death",
    "simTime": 6050,
    "x": 14.9591,
    "y": 7.0976,
  },
  {
    "archetypeId": "size-up",
    "kind": "dropSpawn",
    "simTime": 6050,
    "x": 14.9591,
    "y": 7.0976,
  },
  {
    "archetypeId": "size-up",
    "kind": "dropPickup",
    "simTime": 6066.6667,
    "x": 14.9591,
    "y": 7.0976,
  },
  {
    "archetypeId": "slime-sleeper",
    "kind": "enemySpawn",
    "simTime": 7550,
    "x": 7.8813,
    "y": 8.05,
  },
  {
    "archetypeId": "slime-sleeper",
    "entityKind": "enemy",
    "kind": "death",
    "simTime": 7550,
    "x": 7.8978,
    "y": 8.0478,
  },
  {
    "archetypeId": "heal-orb",
    "kind": "dropSpawn",
    "simTime": 7550,
    "x": 7.8978,
    "y": 8.0478,
  },
  {
    "archetypeId": "heal-orb",
    "kind": "dropPickup",
    "simTime": 7566.6667,
    "x": 7.8978,
    "y": 8.0478,
  },
  {
    "archetypeId": "slime-one-eye",
    "kind": "enemySpawn",
    "simTime": 7583.3333,
    "x": 12.7672,
    "y": -8.1,
  },
  {
    "archetypeId": "slime-one-eye",
    "entityKind": "enemy",
    "kind": "death",
    "simTime": 7583.3333,
    "x": 12.7547,
    "y": -8.0585,
  },
  {
    "archetypeId": "heal-orb",
    "kind": "dropSpawn",
    "simTime": 7583.3333,
    "x": 12.7547,
    "y": -8.0585,
  },
  {
    "archetypeId": "heal-orb",
    "kind": "dropPickup",
    "simTime": 7600,
    "x": 12.7547,
    "y": -8.0585,
  },
  {
    "archetypeId": "slime-sleeper",
    "kind": "enemySpawn",
    "simTime": 8850,
    "x": -7.7054,
    "y": -8.05,
  },
  {
    "archetypeId": "slime-sleeper",
    "entityKind": "enemy",
    "kind": "death",
    "simTime": 8850,
    "x": -7.6888,
    "y": -8.05,
  },
  {
    "archetypeId": "slime-hornling",
    "kind": "enemySpawn",
    "simTime": 10116.6667,
    "x": 7.0347,
    "y": 8,
  },
  {
    "archetypeId": "slime-hornling",
    "entityKind": "enemy",
    "kind": "death",
    "simTime": 10116.6667,
    "x": 7.0487,
    "y": 7.9607,
  },
  {
    "archetypeId": "slime-spark",
    "kind": "enemySpawn",
    "simTime": 11383.3333,
    "x": 15.15,
    "y": -4.1297,
  },
  {
    "archetypeId": "slime-spark",
    "entityKind": "enemy",
    "kind": "death",
    "simTime": 11383.3333,
    "x": 15.1257,
    "y": -4.1696,
  },
  {
    "archetypeId": "slime-spark",
    "kind": "enemySpawn",
    "simTime": 12650,
    "x": -15.15,
    "y": -2.4706,
  },
  {
    "archetypeId": "slime-spark",
    "entityKind": "enemy",
    "kind": "death",
    "simTime": 12650,
    "x": -15.1042,
    "y": -2.4797,
  },
  {
    "archetypeId": "size-up",
    "kind": "dropSpawn",
    "simTime": 12650,
    "x": -15.1042,
    "y": -2.4797,
  },
  {
    "archetypeId": "size-up",
    "kind": "dropPickup",
    "simTime": 12666.6667,
    "x": -15.1042,
    "y": -2.4797,
  },
  {
    "archetypeId": "slime-hornling",
    "kind": "enemySpawn",
    "simTime": 13916.6667,
    "x": -15,
    "y": 1.4513,
  },
  {
    "archetypeId": "slime-hornling",
    "entityKind": "enemy",
    "kind": "death",
    "simTime": 13916.6667,
    "x": -15.0011,
    "y": 1.4097,
  },
  {
    "archetypeId": "slime-spark",
    "kind": "enemySpawn",
    "simTime": 15183.3333,
    "x": -15.15,
    "y": 0.3634,
  },
  {
    "archetypeId": "slime-spark",
    "entityKind": "enemy",
    "kind": "death",
    "simTime": 15183.3333,
    "x": -15.1492,
    "y": 0.3167,
  },
  {
    "archetypeId": "speed-up",
    "kind": "dropSpawn",
    "simTime": 15183.3333,
    "x": -15.1492,
    "y": 0.3167,
  },
  {
    "archetypeId": "speed-up",
    "kind": "dropPickup",
    "simTime": 15200,
    "x": -15.1492,
    "y": 0.3167,
  },
  {
    "archetypeId": "slime-sleeper",
    "kind": "enemySpawn",
    "simTime": 16450,
    "x": -0.9504,
    "y": 8.05,
  },
  {
    "archetypeId": "slime-sleeper",
    "entityKind": "enemy",
    "kind": "death",
    "simTime": 16450,
    "x": -0.965,
    "y": 8.042,
  },
  {
    "archetypeId": "slime-hornling",
    "kind": "enemySpawn",
    "simTime": 17700,
    "x": 9.5751,
    "y": -8,
  },
  {
    "archetypeId": "slime-hornling",
    "entityKind": "enemy",
    "kind": "death",
    "simTime": 17700,
    "x": 9.5356,
    "y": -7.9867,
  },
  {
    "archetypeId": "heal-orb",
    "kind": "dropSpawn",
    "simTime": 17700,
    "x": 9.5356,
    "y": -7.9867,
  },
  {
    "archetypeId": "heal-orb",
    "kind": "dropPickup",
    "simTime": 17716.6667,
    "x": 9.5356,
    "y": -7.9867,
  },
  {
    "archetypeId": "slime-one-eye",
    "kind": "enemySpawn",
    "simTime": 17733.3333,
    "x": 3.7683,
    "y": 8.1,
  },
  {
    "archetypeId": "slime-one-eye",
    "entityKind": "enemy",
    "kind": "death",
    "simTime": 17733.3333,
    "x": 3.7829,
    "y": 8.0592,
  },
  {
    "archetypeId": "slime-sleeper",
    "kind": "enemySpawn",
    "simTime": 18833.3333,
    "x": -6.6475,
    "y": 8.05,
  },
  {
    "archetypeId": "slime-sleeper",
    "entityKind": "enemy",
    "kind": "death",
    "simTime": 18833.3333,
    "x": -6.6357,
    "y": 8.0383,
  },
  {
    "archetypeId": "slime-hornling",
    "kind": "enemySpawn",
    "simTime": 19933.3333,
    "x": 15,
    "y": 3.2966,
  },
  {
    "archetypeId": "slime-hornling",
    "entityKind": "enemy",
    "kind": "death",
    "simTime": 19933.3333,
    "x": 14.9818,
    "y": 3.2591,
  },
  {
    "archetypeId": "slime-spark",
    "kind": "enemySpawn",
    "simTime": 21033.3333,
    "x": 15.15,
    "y": -0.3008,
  },
  {
    "archetypeId": "slime-spark",
    "entityKind": "enemy",
    "kind": "death",
    "simTime": 21033.3333,
    "x": 15.1225,
    "y": -0.3385,
  },
  {
    "archetypeId": "overdrive",
    "kind": "dropSpawn",
    "simTime": 21033.3333,
    "x": 15.1225,
    "y": -0.3385,
  },
  {
    "archetypeId": "overdrive",
    "kind": "dropPickup",
    "simTime": 21050,
    "x": 15.1225,
    "y": -0.3385,
  },
  {
    "archetypeId": "slime-many-eye",
    "kind": "enemySpawn",
    "simTime": 22133.3333,
    "x": 14.9,
    "y": 4.6545,
  },
  {
    "archetypeId": "slime-many-eye",
    "entityKind": "enemy",
    "kind": "death",
    "simTime": 22133.3333,
    "x": 14.9016,
    "y": 4.6179,
  },
  {
    "archetypeId": "slime-hornling",
    "kind": "enemySpawn",
    "simTime": 23233.3333,
    "x": 0.7557,
    "y": 8,
  },
  {
    "archetypeId": "slime-hornling",
    "entityKind": "enemy",
    "kind": "death",
    "simTime": 23233.3333,
    "x": 0.7917,
    "y": 7.9791,
  },
  {
    "archetypeId": "slime-spark",
    "kind": "enemySpawn",
    "simTime": 24333.3333,
    "x": 8.7859,
    "y": -8.15,
  },
  {
    "archetypeId": "slime-spark",
    "entityKind": "enemy",
    "kind": "death",
    "simTime": 24333.3333,
    "x": 8.8153,
    "y": -8.1138,
  },
  {
    "archetypeId": "slime-many-eye",
    "kind": "enemySpawn",
    "simTime": 25433.3333,
    "x": -14.9,
    "y": -2.1606,
  },
  {
    "archetypeId": "slime-many-eye",
    "entityKind": "enemy",
    "kind": "death",
    "simTime": 25433.3333,
    "x": -14.8634,
    "y": -2.1584,
  },
  {
    "archetypeId": "slime-stonehead",
    "kind": "enemySpawn",
    "simTime": 26533.3333,
    "x": -14.78,
    "y": 1.4935,
  },
  {
    "archetypeId": "slime-stonehead",
    "entityKind": "enemy",
    "kind": "death",
    "simTime": 26533.3333,
    "x": -14.755,
    "y": 1.4919,
  },
  {
    "archetypeId": "slime-spark",
    "kind": "enemySpawn",
    "simTime": 27633.3333,
    "x": 6.9212,
    "y": -8.15,
  },
  {
    "archetypeId": "slime-spark",
    "entityKind": "enemy",
    "kind": "death",
    "simTime": 27633.3333,
    "x": 6.955,
    "y": -8.1178,
  },
  {
    "archetypeId": "slime-many-eye",
    "kind": "enemySpawn",
    "simTime": 28733.3333,
    "x": -0.4691,
    "y": -7.9,
  },
  {
    "archetypeId": "slime-many-eye",
    "entityKind": "enemy",
    "kind": "death",
    "simTime": 28733.3333,
    "x": -0.4361,
    "y": -7.884,
  },
  {
    "archetypeId": "slime-stonehead",
    "kind": "enemySpawn",
    "simTime": 29833.3333,
    "x": -13.0469,
    "y": -7.78,
  },
  {
    "archetypeId": "slime-stonehead",
    "entityKind": "enemy",
    "kind": "death",
    "simTime": 29833.3333,
    "x": -13.0227,
    "y": -7.7736,
  },
  {
    "archetypeId": "heal-orb",
    "kind": "dropSpawn",
    "simTime": 29833.3333,
    "x": -13.0227,
    "y": -7.7736,
  },
  {
    "archetypeId": "heal-orb",
    "kind": "dropPickup",
    "simTime": 29850,
    "x": -13.0227,
    "y": -7.7736,
  },
  {
    "archetypeId": "boss-gargoyle",
    "entityKind": "boss",
    "kind": "death",
    "simTime": 33350,
    "x": 0,
    "y": 7.3125,
  },
  {
    "archetypeId": "slime-trickster",
    "kind": "enemySpawn",
    "simTime": 35900,
    "x": -5.2875,
    "y": 7.98,
  },
  {
    "archetypeId": "slime-trickster",
    "entityKind": "enemy",
    "kind": "death",
    "simTime": 35900,
    "x": -5.3059,
    "y": 7.9426,
  },
  {
    "archetypeId": "slime-wraith",
    "kind": "enemySpawn",
    "simTime": 37316.6667,
    "x": -11.9818,
    "y": 8.02,
  },
  {
    "archetypeId": "slime-wraith",
    "entityKind": "enemy",
    "kind": "death",
    "simTime": 37316.6667,
    "x": -11.9847,
    "y": 7.9768,
  },
  {
    "archetypeId": "speed-up",
    "kind": "dropSpawn",
    "simTime": 37316.6667,
    "x": -11.9847,
    "y": 7.9768,
  },
  {
    "archetypeId": "speed-up",
    "kind": "dropPickup",
    "simTime": 37333.3333,
    "x": -11.9847,
    "y": 7.9768,
  },
  {
    "archetypeId": "slime-trickster",
    "kind": "enemySpawn",
    "simTime": 38733.3333,
    "x": 3.087,
    "y": 7.98,
  },
  {
    "archetypeId": "slime-trickster",
    "entityKind": "enemy",
    "kind": "death",
    "simTime": 38733.3333,
    "x": 3.0454,
    "y": 7.98,
  },
  {
    "archetypeId": "slime-shell",
    "kind": "enemySpawn",
    "simTime": 40150,
    "x": -2.7316,
    "y": -7.85,
  },
  {
    "archetypeId": "slime-shell",
    "entityKind": "enemy",
    "kind": "death",
    "simTime": 40150,
    "x": -2.7459,
    "y": -7.8255,
  },
  {
    "archetypeId": "slime-wraith",
    "kind": "enemySpawn",
    "simTime": 41566.6667,
    "x": -6.836,
    "y": 8.02,
  },
  {
    "archetypeId": "slime-wraith",
    "entityKind": "enemy",
    "kind": "death",
    "simTime": 41566.6667,
    "x": -6.8793,
    "y": 8.0196,
  },
  {
    "archetypeId": "slime-trickster",
    "kind": "enemySpawn",
    "simTime": 42983.3333,
    "x": 9.4783,
    "y": 7.98,
  },
  {
    "archetypeId": "slime-trickster",
    "entityKind": "enemy",
    "kind": "death",
    "simTime": 42983.3333,
    "x": 9.4366,
    "y": 7.98,
  },
  {
    "archetypeId": "slime-shell",
    "kind": "enemySpawn",
    "simTime": 44400,
    "x": -2.5859,
    "y": 7.85,
  },
  {
    "archetypeId": "slime-shell",
    "entityKind": "enemy",
    "kind": "death",
    "simTime": 44400,
    "x": -2.6143,
    "y": 7.8504,
  },
  {
    "archetypeId": "pierce",
    "kind": "dropSpawn",
    "simTime": 44400,
    "x": -2.6143,
    "y": 7.8504,
  },
  {
    "archetypeId": "pierce",
    "kind": "dropPickup",
    "simTime": 44416.6667,
    "x": -2.6143,
    "y": 7.8504,
  },
  {
    "archetypeId": "slime-trickster",
    "kind": "enemySpawn",
    "simTime": 44433.3333,
    "x": -8.2757,
    "y": 7.98,
  },
  {
    "archetypeId": "slime-trickster",
    "entityKind": "enemy",
    "kind": "death",
    "simTime": 44433.3333,
    "x": -8.2341,
    "y": 7.979,
  },
  {
    "archetypeId": "speed-up",
    "kind": "dropSpawn",
    "simTime": 44433.3333,
    "x": -8.2341,
    "y": 7.979,
  },
  {
    "archetypeId": "speed-up",
    "kind": "dropPickup",
    "simTime": 44450,
    "x": -8.2341,
    "y": 7.979,
  },
  {
    "archetypeId": "slime-wraith",
    "kind": "enemySpawn",
    "simTime": 45600,
    "x": 2.2181,
    "y": -8.02,
  },
  {
    "archetypeId": "slime-wraith",
    "entityKind": "enemy",
    "kind": "death",
    "simTime": 45600,
    "x": 2.1944,
    "y": -7.9837,
  },
  {
    "archetypeId": "pierce",
    "kind": "dropSpawn",
    "simTime": 45600,
    "x": 2.1944,
    "y": -7.9837,
  },
  {
    "archetypeId": "pierce",
    "kind": "dropPickup",
    "simTime": 45616.6667,
    "x": 2.1944,
    "y": -7.9837,
  },
  {
    "archetypeId": "slime-shell",
    "kind": "enemySpawn",
    "simTime": 46766.6667,
    "x": -14.85,
    "y": 6.9703,
  },
  {
    "archetypeId": "slime-shell",
    "entityKind": "enemy",
    "kind": "death",
    "simTime": 46766.6667,
    "x": -14.8287,
    "y": 6.9516,
  },
  {
    "archetypeId": "heal-orb",
    "kind": "dropSpawn",
    "simTime": 46766.6667,
    "x": -14.8287,
    "y": 6.9516,
  },
  {
    "archetypeId": "heal-orb",
    "kind": "dropPickup",
    "simTime": 46783.3333,
    "x": -14.8287,
    "y": 6.9516,
  },
  {
    "archetypeId": "slime-stack",
    "kind": "enemySpawn",
    "simTime": 47933.3333,
    "x": -14.92,
    "y": -2.0712,
  },
  {
    "archetypeId": "slime-stack",
    "entityKind": "enemy",
    "kind": "death",
    "simTime": 47933.3333,
    "x": -14.9196,
    "y": -2.0345,
  },
  {
    "archetypeId": "slime-stack",
    "kind": "enemySpawn",
    "simTime": 49100,
    "x": -1.405,
    "y": -7.92,
  },
  {
    "archetypeId": "slime-stack",
    "entityKind": "enemy",
    "kind": "death",
    "simTime": 49100,
    "x": -1.4296,
    "y": -7.8928,
  },
  {
    "archetypeId": "multi-shot",
    "kind": "dropSpawn",
    "simTime": 49100,
    "x": -1.4296,
    "y": -7.8928,
  },
  {
    "archetypeId": "multi-shot",
    "kind": "dropPickup",
    "simTime": 49116.6667,
    "x": -1.4296,
    "y": -7.8928,
  },
  {
    "archetypeId": "slime-shell",
    "kind": "enemySpawn",
    "simTime": 50266.6667,
    "x": -3.0214,
    "y": 7.85,
  },
  {
    "archetypeId": "slime-shell",
    "entityKind": "enemy",
    "kind": "death",
    "simTime": 50266.6667,
    "x": -3.0186,
    "y": 7.8218,
  },
  {
    "archetypeId": "pierce",
    "kind": "dropSpawn",
    "simTime": 50266.6667,
    "x": -3.0186,
    "y": 7.8218,
  },
  {
    "archetypeId": "pierce",
    "kind": "dropPickup",
    "simTime": 50283.3333,
    "x": -3.0186,
    "y": 7.8218,
  },
  {
    "archetypeId": "slime-stack",
    "kind": "enemySpawn",
    "simTime": 51433.3333,
    "x": 14.92,
    "y": 5.3374,
  },
  {
    "archetypeId": "slime-stack",
    "entityKind": "enemy",
    "kind": "death",
    "simTime": 51433.3333,
    "x": 14.8837,
    "y": 5.3424,
  },
  {
    "archetypeId": "multi-shot",
    "kind": "dropSpawn",
    "simTime": 51433.3333,
    "x": 14.8837,
    "y": 5.3424,
  },
  {
    "archetypeId": "multi-shot",
    "kind": "dropPickup",
    "simTime": 51450,
    "x": 14.8837,
    "y": 5.3424,
  },
  {
    "archetypeId": "slime-trickster",
    "kind": "enemySpawn",
    "simTime": 52600,
    "x": -10.687,
    "y": -7.98,
  },
  {
    "archetypeId": "slime-trickster",
    "entityKind": "enemy",
    "kind": "death",
    "simTime": 52600,
    "x": -10.65,
    "y": -7.9607,
  },
  {
    "archetypeId": "slime-mech-crab",
    "kind": "enemySpawn",
    "simTime": 53766.6667,
    "x": 14.88,
    "y": -5.4609,
  },
  {
    "archetypeId": "slime-mech-crab",
    "entityKind": "enemy",
    "kind": "death",
    "simTime": 53766.6667,
    "x": 14.88,
    "y": -5.4276,
  },
  {
    "archetypeId": "slime-stack",
    "kind": "enemySpawn",
    "simTime": 54933.3333,
    "x": -6.9823,
    "y": 7.92,
  },
  {
    "archetypeId": "slime-stack",
    "entityKind": "enemy",
    "kind": "death",
    "simTime": 54933.3333,
    "x": -6.9459,
    "y": 7.9157,
  },
  {
    "archetypeId": "multi-shot",
    "kind": "dropSpawn",
    "simTime": 54933.3333,
    "x": -6.9459,
    "y": 7.9157,
  },
  {
    "archetypeId": "multi-shot",
    "kind": "dropPickup",
    "simTime": 54950,
    "x": -6.9459,
    "y": 7.9157,
  },
  {
    "archetypeId": "slime-trickster",
    "kind": "enemySpawn",
    "simTime": 54966.6667,
    "x": -6.1831,
    "y": 7.98,
  },
  {
    "archetypeId": "slime-trickster",
    "entityKind": "enemy",
    "kind": "death",
    "simTime": 54966.6667,
    "x": -6.2246,
    "y": 7.9765,
  },
  {
    "archetypeId": "slime-wraith",
    "kind": "enemySpawn",
    "simTime": 55983.3333,
    "x": -0.4236,
    "y": -8.02,
  },
  {
    "archetypeId": "slime-wraith",
    "entityKind": "enemy",
    "kind": "death",
    "simTime": 55983.3333,
    "x": -0.44,
    "y": -7.9799,
  },
  {
    "archetypeId": "slime-shell",
    "kind": "enemySpawn",
    "simTime": 57000,
    "x": 3.2605,
    "y": -7.85,
  },
  {
    "archetypeId": "slime-shell",
    "entityKind": "enemy",
    "kind": "death",
    "simTime": 57000,
    "x": 3.2451,
    "y": -7.8262,
  },
  {
    "archetypeId": "pierce",
    "kind": "dropSpawn",
    "simTime": 57000,
    "x": 3.2451,
    "y": -7.8262,
  },
  {
    "archetypeId": "pierce",
    "kind": "dropPickup",
    "simTime": 57016.6667,
    "x": 3.2451,
    "y": -7.8262,
  },
  {
    "archetypeId": "slime-stack",
    "kind": "enemySpawn",
    "simTime": 58016.6667,
    "x": -7.9117,
    "y": 7.92,
  },
  {
    "archetypeId": "slime-stack",
    "entityKind": "enemy",
    "kind": "death",
    "simTime": 58016.6667,
    "x": -7.8905,
    "y": 7.8901,
  },
  {
    "archetypeId": "slime-mech-crab",
    "kind": "enemySpawn",
    "simTime": 59033.3333,
    "x": 6.0469,
    "y": -7.88,
  },
  {
    "archetypeId": "slime-mech-crab",
    "entityKind": "enemy",
    "kind": "death",
    "simTime": 59033.3333,
    "x": 6.0135,
    "y": -7.8794,
  },
  {
    "archetypeId": "pierce",
    "kind": "dropSpawn",
    "simTime": 59033.3333,
    "x": 6.0135,
    "y": -7.8794,
  },
  {
    "archetypeId": "pierce",
    "kind": "dropPickup",
    "simTime": 59050,
    "x": 6.0135,
    "y": -7.8794,
  },
  {
    "archetypeId": "slime-shell",
    "kind": "enemySpawn",
    "simTime": 60050,
    "x": 14.85,
    "y": -5.0485,
  },
  {
    "archetypeId": "slime-shell",
    "entityKind": "enemy",
    "kind": "death",
    "simTime": 60050,
    "x": 14.823,
    "y": -5.0572,
  },
  {
    "archetypeId": "heal-orb",
    "kind": "dropSpawn",
    "simTime": 60050,
    "x": 14.823,
    "y": -5.0572,
  },
  {
    "archetypeId": "heal-orb",
    "kind": "dropPickup",
    "simTime": 60066.6667,
    "x": 14.823,
    "y": -5.0572,
  },
  {
    "archetypeId": "slime-stack",
    "kind": "enemySpawn",
    "simTime": 61066.6667,
    "x": 11.1714,
    "y": -7.92,
  },
  {
    "archetypeId": "slime-stack",
    "entityKind": "enemy",
    "kind": "death",
    "simTime": 61066.6667,
    "x": 11.2003,
    "y": -7.8974,
  },
  {
    "archetypeId": "heal-orb",
    "kind": "dropSpawn",
    "simTime": 61066.6667,
    "x": 11.2003,
    "y": -7.8974,
  },
  {
    "archetypeId": "heal-orb",
    "kind": "dropPickup",
    "simTime": 61083.3333,
    "x": 11.2003,
    "y": -7.8974,
  },
  {
    "archetypeId": "slime-mech-crab",
    "kind": "enemySpawn",
    "simTime": 62083.3333,
    "x": -9.4535,
    "y": -7.88,
  },
  {
    "archetypeId": "slime-mech-crab",
    "entityKind": "enemy",
    "kind": "death",
    "simTime": 62083.3333,
    "x": -9.4202,
    "y": -7.88,
  },
  {
    "archetypeId": "fragment",
    "kind": "dropSpawn",
    "simTime": 62083.3333,
    "x": -9.4202,
    "y": -7.88,
  },
  {
    "archetypeId": "fragment",
    "kind": "dropPickup",
    "simTime": 62100,
    "x": -9.4202,
    "y": -7.88,
  },
  {
    "archetypeId": "slime-flame",
    "kind": "enemySpawn",
    "simTime": 63100,
    "x": 8.5509,
    "y": 8.06,
  },
  {
    "archetypeId": "slime-flame",
    "entityKind": "enemy",
    "kind": "death",
    "simTime": 63100,
    "x": 8.5184,
    "y": 8.0312,
  },
  {
    "archetypeId": "slime-wraith",
    "kind": "enemySpawn",
    "simTime": 64116.6667,
    "x": 9.1548,
    "y": 8.02,
  },
  {
    "archetypeId": "slime-wraith",
    "entityKind": "enemy",
    "kind": "death",
    "simTime": 64116.6667,
    "x": 9.1219,
    "y": 7.9918,
  },
  {
    "archetypeId": "slime-stack",
    "kind": "enemySpawn",
    "simTime": 65133.3333,
    "x": -10.8739,
    "y": 7.92,
  },
  {
    "archetypeId": "slime-stack",
    "entityKind": "enemy",
    "kind": "death",
    "simTime": 65133.3333,
    "x": -10.8705,
    "y": 7.8835,
  },
  {
    "archetypeId": "slime-mech-crab",
    "kind": "enemySpawn",
    "simTime": 66133.3333,
    "x": -9.4169,
    "y": 7.88,
  },
  {
    "archetypeId": "slime-mech-crab",
    "entityKind": "enemy",
    "kind": "death",
    "simTime": 66133.3333,
    "x": -9.4169,
    "y": 7.8467,
  },
  {
    "archetypeId": "fragment",
    "kind": "dropSpawn",
    "simTime": 66133.3333,
    "x": -9.4169,
    "y": 7.8467,
  },
  {
    "archetypeId": "fragment",
    "kind": "dropPickup",
    "simTime": 66150,
    "x": -9.4169,
    "y": 7.8467,
  },
  {
    "archetypeId": "slime-flame",
    "kind": "enemySpawn",
    "simTime": 67133.3333,
    "x": 1.6813,
    "y": -8.06,
  },
  {
    "archetypeId": "slime-flame",
    "entityKind": "enemy",
    "kind": "death",
    "simTime": 67133.3333,
    "x": 1.6565,
    "y": -8.0245,
  },
  {
    "archetypeId": "boss-saw-cyclops",
    "entityKind": "boss",
    "kind": "death",
    "simTime": 70650,
    "x": 0,
    "y": 7.3958,
  },
  {
    "archetypeId": "slime-echo",
    "kind": "enemySpawn",
    "simTime": 73183.3333,
    "x": -15.14,
    "y": 1.0956,
  },
  {
    "archetypeId": "slime-echo",
    "entityKind": "enemy",
    "kind": "death",
    "simTime": 73183.3333,
    "x": -15.112,
    "y": 1.1286,
  },
  {
    "archetypeId": "slime-bug",
    "kind": "enemySpawn",
    "simTime": 74483.3333,
    "x": -5.4033,
    "y": -8.02,
  },
  {
    "archetypeId": "slime-bug",
    "entityKind": "enemy",
    "kind": "death",
    "simTime": 74483.3333,
    "x": -5.414,
    "y": -7.978,
  },
  {
    "archetypeId": "magnet",
    "kind": "dropSpawn",
    "simTime": 74483.3333,
    "x": -5.414,
    "y": -7.978,
  },
  {
    "archetypeId": "magnet",
    "kind": "dropPickup",
    "simTime": 74500,
    "x": -5.414,
    "y": -7.978,
  },
  {
    "archetypeId": "slime-echo",
    "kind": "enemySpawn",
    "simTime": 75783.3333,
    "x": 11.4819,
    "y": 8.14,
  },
  {
    "archetypeId": "slime-echo",
    "entityKind": "enemy",
    "kind": "death",
    "simTime": 75783.3333,
    "x": 11.4505,
    "y": 8.1101,
  },
  {
    "archetypeId": "magnet",
    "kind": "dropSpawn",
    "simTime": 75783.3333,
    "x": 11.4505,
    "y": 8.1101,
  },
  {
    "archetypeId": "magnet",
    "kind": "dropPickup",
    "simTime": 75800,
    "x": 11.4505,
    "y": 8.1101,
  },
  {
    "archetypeId": "slime-star",
    "kind": "enemySpawn",
    "simTime": 77083.3333,
    "x": -15.12,
    "y": -4.6148,
  },
  {
    "archetypeId": "slime-star",
    "entityKind": "enemy",
    "kind": "death",
    "simTime": 77083.3333,
    "x": -15.0779,
    "y": -4.5946,
  },
  {
    "archetypeId": "slime-bug",
    "kind": "enemySpawn",
    "simTime": 78383.3333,
    "x": 13.0626,
    "y": 8.02,
  },
  {
    "archetypeId": "slime-bug",
    "entityKind": "enemy",
    "kind": "death",
    "simTime": 78383.3333,
    "x": 13.0193,
    "y": 8.0224,
  },
  {
    "archetypeId": "slime-echo",
    "kind": "enemySpawn",
    "simTime": 79683.3333,
    "x": -6.5272,
    "y": -8.14,
  },
  {
    "archetypeId": "slime-echo",
    "entityKind": "enemy",
    "kind": "death",
    "simTime": 79683.3333,
    "x": -6.495,
    "y": -8.1109,
  },
  {
    "archetypeId": "slime-star",
    "kind": "enemySpawn",
    "simTime": 80983.3333,
    "x": 1.052,
    "y": -8.12,
  },
  {
    "archetypeId": "slime-star",
    "entityKind": "enemy",
    "kind": "death",
    "simTime": 80983.3333,
    "x": 1.0772,
    "y": -8.0807,
  },
  {
    "archetypeId": "slime-bug",
    "kind": "enemySpawn",
    "simTime": 82283.3333,
    "x": -15.02,
    "y": 4.119,
  },
  {
    "archetypeId": "slime-bug",
    "entityKind": "enemy",
    "kind": "death",
    "simTime": 82283.3333,
    "x": -14.9772,
    "y": 4.1254,
  },
  {
    "archetypeId": "slime-echo",
    "kind": "enemySpawn",
    "simTime": 82316.6667,
    "x": -0.8186,
    "y": -8.14,
  },
  {
    "archetypeId": "slime-echo",
    "entityKind": "enemy",
    "kind": "death",
    "simTime": 82316.6667,
    "x": -0.7925,
    "y": -8.1054,
  },
  {
    "archetypeId": "slime-bug",
    "kind": "enemySpawn",
    "simTime": 83366.6667,
    "x": 9.0885,
    "y": 8.02,
  },
  {
    "archetypeId": "slime-bug",
    "entityKind": "enemy",
    "kind": "death",
    "simTime": 83366.6667,
    "x": 9.1318,
    "y": 8.0217,
  },
  {
    "archetypeId": "slime-star",
    "kind": "enemySpawn",
    "simTime": 84416.6667,
    "x": -7.8756,
    "y": -8.12,
  },
  {
    "archetypeId": "slime-star",
    "entityKind": "enemy",
    "kind": "death",
    "simTime": 84416.6667,
    "x": -7.8398,
    "y": -8.09,
  },
  {
    "archetypeId": "slime-lifter",
    "kind": "enemySpawn",
    "simTime": 85466.6667,
    "x": -14.8,
    "y": -5.7053,
  },
  {
    "archetypeId": "slime-lifter",
    "entityKind": "enemy",
    "kind": "death",
    "simTime": 85466.6667,
    "x": -14.7764,
    "y": -5.6929,
  },
  {
    "archetypeId": "magnet",
    "kind": "dropSpawn",
    "simTime": 85466.6667,
    "x": -14.7764,
    "y": -5.6929,
  },
  {
    "archetypeId": "magnet",
    "kind": "dropPickup",
    "simTime": 85483.3333,
    "x": -14.7764,
    "y": -5.6929,
  },
  {
    "archetypeId": "slime-echo",
    "kind": "enemySpawn",
    "simTime": 86516.6667,
    "x": 15.14,
    "y": 1.6396,
  },
  {
    "archetypeId": "slime-echo",
    "entityKind": "enemy",
    "kind": "death",
    "simTime": 86516.6667,
    "x": 15.0979,
    "y": 1.6293,
  },
  {
    "archetypeId": "magnet",
    "kind": "dropSpawn",
    "simTime": 86516.6667,
    "x": 15.0979,
    "y": 1.6293,
  },
  {
    "archetypeId": "magnet",
    "kind": "dropPickup",
    "simTime": 86533.3333,
    "x": 15.0979,
    "y": 1.6293,
  },
  {
    "archetypeId": "slime-star",
    "kind": "enemySpawn",
    "simTime": 87566.6667,
    "x": 6.6839,
    "y": 8.12,
  },
  {
    "archetypeId": "slime-star",
    "entityKind": "enemy",
    "kind": "death",
    "simTime": 87566.6667,
    "x": 6.7209,
    "y": 8.0915,
  },
  {
    "archetypeId": "slime-lifter",
    "kind": "enemySpawn",
    "simTime": 88616.6667,
    "x": -14.8,
    "y": -5.6788,
  },
  {
    "archetypeId": "slime-lifter",
    "entityKind": "enemy",
    "kind": "death",
    "simTime": 88616.6667,
    "x": -14.7741,
    "y": -5.6724,
  },
  {
    "archetypeId": "slime-echo",
    "kind": "enemySpawn",
    "simTime": 89666.6667,
    "x": -11.7649,
    "y": 8.14,
  },
  {
    "archetypeId": "slime-echo",
    "entityKind": "enemy",
    "kind": "death",
    "simTime": 89666.6667,
    "x": -11.7228,
    "y": 8.1298,
  },
  {
    "archetypeId": "slime-drone",
    "kind": "enemySpawn",
    "simTime": 90716.6667,
    "x": 14.8446,
    "y": 8.08,
  },
  {
    "archetypeId": "slime-drone",
    "entityKind": "enemy",
    "kind": "death",
    "simTime": 90716.6667,
    "x": 14.8464,
    "y": 8.0334,
  },
  {
    "archetypeId": "slime-star",
    "kind": "enemySpawn",
    "simTime": 91766.6667,
    "x": -15.12,
    "y": -2.9532,
  },
  {
    "archetypeId": "slime-star",
    "entityKind": "enemy",
    "kind": "death",
    "simTime": 91766.6667,
    "x": -15.0739,
    "y": -2.9462,
  },
  {
    "archetypeId": "slime-lifter",
    "kind": "enemySpawn",
    "simTime": 92816.6667,
    "x": 14.8,
    "y": -1.5422,
  },
  {
    "archetypeId": "slime-lifter",
    "entityKind": "enemy",
    "kind": "death",
    "simTime": 92816.6667,
    "x": 14.8025,
    "y": -1.5157,
  },
  {
    "archetypeId": "magnet",
    "kind": "dropSpawn",
    "simTime": 92816.6667,
    "x": 14.8025,
    "y": -1.5157,
  },
  {
    "archetypeId": "magnet",
    "kind": "dropPickup",
    "simTime": 92833.3333,
    "x": 14.8025,
    "y": -1.5157,
  },
  {
    "archetypeId": "slime-echo",
    "kind": "enemySpawn",
    "simTime": 92850,
    "x": 8.0821,
    "y": -8.14,
  },
  {
    "archetypeId": "slime-echo",
    "entityKind": "enemy",
    "kind": "death",
    "simTime": 92850,
    "x": 8.1129,
    "y": -8.1096,
  },
  {
    "archetypeId": "slime-bug",
    "kind": "enemySpawn",
    "simTime": 93750,
    "x": -8.0405,
    "y": 8.02,
  },
  {
    "archetypeId": "slime-bug",
    "entityKind": "enemy",
    "kind": "death",
    "simTime": 93750,
    "x": -8.0005,
    "y": 8.0033,
  },
  {
    "archetypeId": "slime-star",
    "kind": "enemySpawn",
    "simTime": 94650,
    "x": 15.12,
    "y": -6.1697,
  },
  {
    "archetypeId": "slime-star",
    "entityKind": "enemy",
    "kind": "death",
    "simTime": 94650,
    "x": 15.1168,
    "y": -6.1232,
  },
  {
    "archetypeId": "slime-lifter",
    "kind": "enemySpawn",
    "simTime": 95550,
    "x": 2.5546,
    "y": 7.8,
  },
  {
    "archetypeId": "slime-lifter",
    "entityKind": "enemy",
    "kind": "death",
    "simTime": 95550,
    "x": 2.5758,
    "y": 7.7839,
  },
  {
    "archetypeId": "slime-drone",
    "kind": "enemySpawn",
    "simTime": 96450,
    "x": -11.6884,
    "y": 8.08,
  },
  {
    "archetypeId": "slime-drone",
    "entityKind": "enemy",
    "kind": "death",
    "simTime": 96450,
    "x": -11.6445,
    "y": 8.0641,
  },
  {
    "archetypeId": "slime-star",
    "kind": "enemySpawn",
    "simTime": 97350,
    "x": -8.41,
    "y": 8.12,
  },
  {
    "archetypeId": "slime-star",
    "entityKind": "enemy",
    "kind": "death",
    "simTime": 97350,
    "x": -8.3669,
    "y": 8.1021,
  },
  {
    "archetypeId": "slime-lifter",
    "kind": "enemySpawn",
    "simTime": 98250,
    "x": -4.6049,
    "y": 7.8,
  },
  {
    "archetypeId": "slime-lifter",
    "entityKind": "enemy",
    "kind": "death",
    "simTime": 98250,
    "x": -4.5808,
    "y": 7.7885,
  },
  {
    "archetypeId": "slime-drone",
    "kind": "enemySpawn",
    "simTime": 99150,
    "x": 1.8701,
    "y": 8.08,
  },
  {
    "archetypeId": "slime-drone",
    "entityKind": "enemy",
    "kind": "death",
    "simTime": 99150,
    "x": 1.9076,
    "y": 8.0522,
  },
  {
    "archetypeId": "speed-up",
    "kind": "dropSpawn",
    "simTime": 99150,
    "x": 1.9076,
    "y": 8.0522,
  },
  {
    "archetypeId": "speed-up",
    "kind": "dropPickup",
    "simTime": 99166.6667,
    "x": 1.9076,
    "y": 8.0522,
  },
  {
    "archetypeId": "slime-saw",
    "kind": "enemySpawn",
    "simTime": 100050,
    "x": 14.95,
    "y": -0.7447,
  },
  {
    "archetypeId": "slime-saw",
    "entityKind": "enemy",
    "kind": "death",
    "simTime": 100050,
    "x": 14.9155,
    "y": -0.7214,
  },
  {
    "archetypeId": "slime-bug",
    "kind": "enemySpawn",
    "simTime": 100950,
    "x": -8.2435,
    "y": 8.02,
  },
  {
    "archetypeId": "slime-bug",
    "entityKind": "enemy",
    "kind": "death",
    "simTime": 100950,
    "x": -8.2001,
    "y": 8.0201,
  },
  {
    "archetypeId": "heal-orb",
    "kind": "dropSpawn",
    "simTime": 100950,
    "x": -8.2001,
    "y": 8.0201,
  },
  {
    "archetypeId": "heal-orb",
    "kind": "dropPickup",
    "simTime": 100966.6667,
    "x": -8.2001,
    "y": 8.0201,
  },
  {
    "archetypeId": "slime-star",
    "kind": "enemySpawn",
    "simTime": 101850,
    "x": -4.9281,
    "y": 8.12,
  },
  {
    "archetypeId": "slime-star",
    "entityKind": "enemy",
    "kind": "death",
    "simTime": 101850,
    "x": -4.9747,
    "y": 8.1186,
  },
  {
    "archetypeId": "slime-lifter",
    "kind": "enemySpawn",
    "simTime": 102750,
    "x": -14.8,
    "y": 5.318,
  },
  {
    "archetypeId": "slime-lifter",
    "entityKind": "enemy",
    "kind": "death",
    "simTime": 102750,
    "x": -14.7753,
    "y": 5.3281,
  },
  {
    "archetypeId": "slime-drone",
    "kind": "enemySpawn",
    "simTime": 103650,
    "x": 11.9565,
    "y": 8.08,
  },
  {
    "archetypeId": "slime-drone",
    "entityKind": "enemy",
    "kind": "death",
    "simTime": 103650,
    "x": 11.9099,
    "y": 8.0799,
  },
  {
    "archetypeId": "speed-up",
    "kind": "dropSpawn",
    "simTime": 103650,
    "x": 11.9099,
    "y": 8.0799,
  },
  {
    "archetypeId": "speed-up",
    "kind": "dropPickup",
    "simTime": 103666.6667,
    "x": 11.9099,
    "y": 8.0799,
  },
  {
    "archetypeId": "slime-saw",
    "kind": "enemySpawn",
    "simTime": 104550,
    "x": -5.0692,
    "y": 7.95,
  },
  {
    "archetypeId": "slime-saw",
    "entityKind": "enemy",
    "kind": "death",
    "simTime": 104550,
    "x": -5.0275,
    "y": 7.9503,
  },
  {
    "archetypeId": "boss-scrap-king",
    "entityKind": "boss",
    "kind": "death",
    "simTime": 108066.6667,
    "x": 0,
    "y": 6.8604,
  },
  {
    "archetypeId": "slime-tadpole",
    "kind": "enemySpawn",
    "simTime": 110600,
    "x": 15.16,
    "y": -5.8242,
  },
  {
    "archetypeId": "slime-tadpole",
    "entityKind": "enemy",
    "kind": "death",
    "simTime": 110600,
    "x": 15.1498,
    "y": -5.7804,
  },
  {
    "archetypeId": "slime-fortress",
    "kind": "enemySpawn",
    "simTime": 111800,
    "x": 13.1555,
    "y": 7.7,
  },
  {
    "archetypeId": "slime-fortress",
    "entityKind": "enemy",
    "kind": "death",
    "simTime": 111800,
    "x": 13.1364,
    "y": 7.7058,
  },
  {
    "archetypeId": "slime-tadpole",
    "kind": "enemySpawn",
    "simTime": 113000,
    "x": -6.7599,
    "y": -8.16,
  },
  {
    "archetypeId": "slime-tadpole",
    "entityKind": "enemy",
    "kind": "death",
    "simTime": 113000,
    "x": -6.7259,
    "y": -8.1305,
  },
  {
    "archetypeId": "magnet",
    "kind": "dropSpawn",
    "simTime": 113000,
    "x": -6.7259,
    "y": -8.1305,
  },
  {
    "archetypeId": "magnet",
    "kind": "dropPickup",
    "simTime": 113016.6667,
    "x": -6.7259,
    "y": -8.1305,
  },
  {
    "archetypeId": "slime-splitter",
    "kind": "enemySpawn",
    "simTime": 114200,
    "x": -13.9461,
    "y": 7.94,
  },
  {
    "archetypeId": "slime-splitter",
    "entityKind": "enemy",
    "kind": "death",
    "simTime": 114200,
    "x": -13.9297,
    "y": 7.9035,
  },
  {
    "archetypeId": "slime-fortress",
    "kind": "enemySpawn",
    "simTime": 115400,
    "x": -7.2532,
    "y": -7.7,
  },
  {
    "archetypeId": null,
    "entityKind": "player",
    "kind": "death",
    "simTime": 115400,
    "x": -6.7259,
    "y": -8.1305,
  },
]
`;
