// Vitest Snapshot v1, https://vitest.dev/guide/snapshot.html

exports[`spawn override campaign-normal regression > matches the post-migration campaign-normal event baseline for a fixed seed 1`] = `
[
  {
    "archetypeId": "slime-one-eye",
    "kind": "enemySpawn",
    "simTime": 2516.6667,
    "x": 6.0114,
    "y": -8.1,
  },
  {
    "archetypeId": "slime-one-eye",
    "entityKind": "enemy",
    "kind": "death",
    "simTime": 2516.6667,
    "x": 5.9856,
    "y": -8.0652,
  },
  {
    "archetypeId": "slime-one-eye",
    "kind": "enemySpawn",
    "simTime": 4033.3333,
    "x": 8.1494,
    "y": -8.1,
  },
  {
    "archetypeId": "slime-one-eye",
    "entityKind": "enemy",
    "kind": "death",
    "simTime": 4033.3333,
    "x": 8.1187,
    "y": -8.0695,
  },
  {
    "archetypeId": "slime-sleeper",
    "kind": "enemySpawn",
    "simTime": 5533.3333,
    "x": 10.2228,
    "y": 8.05,
  },
  {
    "archetypeId": "slime-sleeper",
    "entityKind": "enemy",
    "kind": "death",
    "simTime": 5533.3333,
    "x": 10.2097,
    "y": 8.0397,
  },
  {
    "archetypeId": "heal-orb",
    "kind": "dropSpawn",
    "simTime": 5533.3333,
    "x": 10.2097,
    "y": 8.0397,
  },
  {
    "archetypeId": "heal-orb",
    "kind": "dropPickup",
    "simTime": 5550,
    "x": 10.2097,
    "y": 8.0397,
  },
  {
    "archetypeId": "slime-one-eye",
    "kind": "enemySpawn",
    "simTime": 7033.3333,
    "x": 15.1,
    "y": -1.3845,
  },
  {
    "archetypeId": "slime-one-eye",
    "entityKind": "enemy",
    "kind": "death",
    "simTime": 7033.3333,
    "x": 15.08,
    "y": -1.3461,
  },
  {
    "archetypeId": "slime-hornling",
    "kind": "enemySpawn",
    "simTime": 8533.3333,
    "x": 15,
    "y": 7.0895,
  },
  {
    "archetypeId": "slime-hornling",
    "entityKind": "enemy",
    "kind": "death",
    "simTime": 8533.3333,
    "x": 14.9591,
    "y": 7.0976,
  },
  {
    "archetypeId": "size-up",
    "kind": "dropSpawn",
    "simTime": 8533.3333,
    "x": 14.9591,
    "y": 7.0976,
  },
  {
    "archetypeId": "size-up",
    "kind": "dropPickup",
    "simTime": 8550,
    "x": 14.9591,
    "y": 7.0976,
  },
  {
    "archetypeId": "slime-sleeper",
    "kind": "enemySpawn",
    "simTime": 10050,
    "x": 7.8813,
    "y": 8.05,
  },
  {
    "archetypeId": "slime-sleeper",
    "entityKind": "enemy",
    "kind": "death",
    "simTime": 10050,
    "x": 7.8978,
    "y": 8.0478,
  },
  {
    "archetypeId": "heal-orb",
    "kind": "dropSpawn",
    "simTime": 10050,
    "x": 7.8978,
    "y": 8.0478,
  },
  {
    "archetypeId": "heal-orb",
    "kind": "dropPickup",
    "simTime": 10066.6667,
    "x": 7.8978,
    "y": 8.0478,
  },
  {
    "archetypeId": "slime-one-eye",
    "kind": "enemySpawn",
    "simTime": 12583.3333,
    "x": 12.7672,
    "y": -8.1,
  },
  {
    "archetypeId": "slime-one-eye",
    "entityKind": "enemy",
    "kind": "death",
    "simTime": 12583.3333,
    "x": 12.7547,
    "y": -8.0585,
  },
  {
    "archetypeId": "heal-orb",
    "kind": "dropSpawn",
    "simTime": 12583.3333,
    "x": 12.7547,
    "y": -8.0585,
  },
  {
    "archetypeId": "heal-orb",
    "kind": "dropPickup",
    "simTime": 12600,
    "x": 12.7547,
    "y": -8.0585,
  },
  {
    "archetypeId": "slime-sleeper",
    "kind": "enemySpawn",
    "simTime": 13850,
    "x": -7.7054,
    "y": -8.05,
  },
  {
    "archetypeId": "slime-sleeper",
    "entityKind": "enemy",
    "kind": "death",
    "simTime": 13850,
    "x": -7.6888,
    "y": -8.05,
  },
  {
    "archetypeId": "slime-hornling",
    "kind": "enemySpawn",
    "simTime": 15116.6667,
    "x": 7.0347,
    "y": 8,
  },
  {
    "archetypeId": "slime-hornling",
    "entityKind": "enemy",
    "kind": "death",
    "simTime": 15116.6667,
    "x": 7.0487,
    "y": 7.9607,
  },
  {
    "archetypeId": "slime-spark",
    "kind": "enemySpawn",
    "simTime": 16383.3333,
    "x": 15.15,
    "y": -4.1297,
  },
  {
    "archetypeId": "slime-spark",
    "entityKind": "enemy",
    "kind": "death",
    "simTime": 16383.3333,
    "x": 15.1257,
    "y": -4.1696,
  },
  {
    "archetypeId": "slime-spark",
    "kind": "enemySpawn",
    "simTime": 17633.3333,
    "x": -15.15,
    "y": -2.4706,
  },
  {
    "archetypeId": "slime-spark",
    "entityKind": "enemy",
    "kind": "death",
    "simTime": 17633.3333,
    "x": -15.1042,
    "y": -2.4797,
  },
  {
    "archetypeId": "size-up",
    "kind": "dropSpawn",
    "simTime": 17633.3333,
    "x": -15.1042,
    "y": -2.4797,
  },
  {
    "archetypeId": "size-up",
    "kind": "dropPickup",
    "simTime": 17650,
    "x": -15.1042,
    "y": -2.4797,
  },
  {
    "archetypeId": "slime-hornling",
    "kind": "enemySpawn",
    "simTime": 18883.3333,
    "x": -15,
    "y": 1.4513,
  },
  {
    "archetypeId": "slime-hornling",
    "entityKind": "enemy",
    "kind": "death",
    "simTime": 18883.3333,
    "x": -15.0011,
    "y": 1.4097,
  },
  {
    "archetypeId": "slime-spark",
    "kind": "enemySpawn",
    "simTime": 20133.3333,
    "x": -15.15,
    "y": 0.3634,
  },
  {
    "archetypeId": "slime-spark",
    "entityKind": "enemy",
    "kind": "death",
    "simTime": 20133.3333,
    "x": -15.1492,
    "y": 0.3167,
  },
  {
    "archetypeId": "speed-up",
    "kind": "dropSpawn",
    "simTime": 20133.3333,
    "x": -15.1492,
    "y": 0.3167,
  },
  {
    "archetypeId": "speed-up",
    "kind": "dropPickup",
    "simTime": 20150,
    "x": -15.1492,
    "y": 0.3167,
  },
  {
    "archetypeId": "slime-sleeper",
    "kind": "enemySpawn",
    "simTime": 21383.3333,
    "x": -0.9504,
    "y": 8.05,
  },
  {
    "archetypeId": "slime-sleeper",
    "entityKind": "enemy",
    "kind": "death",
    "simTime": 21383.3333,
    "x": -0.965,
    "y": 8.042,
  },
  {
    "archetypeId": "slime-hornling",
    "kind": "enemySpawn",
    "simTime": 22633.3333,
    "x": 9.5751,
    "y": -8,
  },
  {
    "archetypeId": "slime-hornling",
    "entityKind": "enemy",
    "kind": "death",
    "simTime": 22633.3333,
    "x": 9.5356,
    "y": -7.9867,
  },
  {
    "archetypeId": "heal-orb",
    "kind": "dropSpawn",
    "simTime": 22633.3333,
    "x": 9.5356,
    "y": -7.9867,
  },
  {
    "archetypeId": "heal-orb",
    "kind": "dropPickup",
    "simTime": 22650,
    "x": 9.5356,
    "y": -7.9867,
  },
  {
    "archetypeId": "slime-one-eye",
    "kind": "enemySpawn",
    "simTime": 25150,
    "x": 3.7683,
    "y": 8.1,
  },
  {
    "archetypeId": "slime-one-eye",
    "entityKind": "enemy",
    "kind": "death",
    "simTime": 25150,
    "x": 3.7829,
    "y": 8.0592,
  },
  {
    "archetypeId": "slime-sleeper",
    "kind": "enemySpawn",
    "simTime": 26250,
    "x": -6.6475,
    "y": 8.05,
  },
  {
    "archetypeId": "slime-sleeper",
    "entityKind": "enemy",
    "kind": "death",
    "simTime": 26250,
    "x": -6.6357,
    "y": 8.0383,
  },
  {
    "archetypeId": "slime-hornling",
    "kind": "enemySpawn",
    "simTime": 27350,
    "x": 15,
    "y": 3.2966,
  },
  {
    "archetypeId": "slime-hornling",
    "entityKind": "enemy",
    "kind": "death",
    "simTime": 27350,
    "x": 14.9818,
    "y": 3.2591,
  },
  {
    "archetypeId": "slime-spark",
    "kind": "enemySpawn",
    "simTime": 28450,
    "x": 15.15,
    "y": -0.3008,
  },
  {
    "archetypeId": "slime-spark",
    "entityKind": "enemy",
    "kind": "death",
    "simTime": 28450,
    "x": 15.1225,
    "y": -0.3385,
  },
  {
    "archetypeId": "overdrive",
    "kind": "dropSpawn",
    "simTime": 28450,
    "x": 15.1225,
    "y": -0.3385,
  },
  {
    "archetypeId": "overdrive",
    "kind": "dropPickup",
    "simTime": 28466.6667,
    "x": 15.1225,
    "y": -0.3385,
  },
  {
    "archetypeId": "slime-many-eye",
    "kind": "enemySpawn",
    "simTime": 29550,
    "x": 14.9,
    "y": 4.6545,
  },
  {
    "archetypeId": "slime-many-eye",
    "entityKind": "enemy",
    "kind": "death",
    "simTime": 29550,
    "x": 14.9016,
    "y": 4.6179,
  },
  {
    "archetypeId": "slime-hornling",
    "kind": "enemySpawn",
    "simTime": 30650,
    "x": 0.7557,
    "y": 8,
  },
  {
    "archetypeId": "slime-hornling",
    "entityKind": "enemy",
    "kind": "death",
    "simTime": 30650,
    "x": 0.7917,
    "y": 7.9791,
  },
  {
    "archetypeId": "slime-spark",
    "kind": "enemySpawn",
    "simTime": 31750,
    "x": 8.7859,
    "y": -8.15,
  },
  {
    "archetypeId": "slime-spark",
    "entityKind": "enemy",
    "kind": "death",
    "simTime": 31750,
    "x": 8.8153,
    "y": -8.1138,
  },
  {
    "archetypeId": "slime-many-eye",
    "kind": "enemySpawn",
    "simTime": 32850,
    "x": -14.9,
    "y": -2.1606,
  },
  {
    "archetypeId": "slime-many-eye",
    "entityKind": "enemy",
    "kind": "death",
    "simTime": 32850,
    "x": -14.8634,
    "y": -2.1584,
  },
  {
    "archetypeId": "slime-stonehead",
    "kind": "enemySpawn",
    "simTime": 33966.6667,
    "x": -14.78,
    "y": 1.4935,
  },
  {
    "archetypeId": "slime-stonehead",
    "entityKind": "enemy",
    "kind": "death",
    "simTime": 33966.6667,
    "x": -14.755,
    "y": 1.4919,
  },
  {
    "archetypeId": "slime-spark",
    "kind": "enemySpawn",
    "simTime": 35083.3333,
    "x": 6.9212,
    "y": -8.15,
  },
  {
    "archetypeId": "slime-spark",
    "entityKind": "enemy",
    "kind": "death",
    "simTime": 35083.3333,
    "x": 6.955,
    "y": -8.1178,
  },
  {
    "archetypeId": "slime-many-eye",
    "kind": "enemySpawn",
    "simTime": 36200,
    "x": -0.4691,
    "y": -7.9,
  },
  {
    "archetypeId": "slime-many-eye",
    "entityKind": "enemy",
    "kind": "death",
    "simTime": 36200,
    "x": -0.4361,
    "y": -7.884,
  },
  {
    "archetypeId": "slime-stonehead",
    "kind": "enemySpawn",
    "simTime": 37316.6667,
    "x": -13.0469,
    "y": -7.78,
  },
  {
    "archetypeId": "slime-stonehead",
    "entityKind": "enemy",
    "kind": "death",
    "simTime": 37316.6667,
    "x": -13.0227,
    "y": -7.7736,
  },
  {
    "archetypeId": "heal-orb",
    "kind": "dropSpawn",
    "simTime": 37316.6667,
    "x": -13.0227,
    "y": -7.7736,
  },
  {
    "archetypeId": "heal-orb",
    "kind": "dropPickup",
    "simTime": 37333.3333,
    "x": -13.0227,
    "y": -7.7736,
  },
  {
    "archetypeId": "boss-gargoyle",
    "entityKind": "boss",
    "kind": "death",
    "simTime": 40850,
    "x": 0,
    "y": 7.3125,
  },
  {
    "archetypeId": "slime-trickster",
    "kind": "enemySpawn",
    "simTime": 45900,
    "x": -5.2875,
    "y": 7.98,
  },
  {
    "archetypeId": "slime-trickster",
    "entityKind": "enemy",
    "kind": "death",
    "simTime": 45900,
    "x": -5.3059,
    "y": 7.9426,
  },
  {
    "archetypeId": "slime-wraith",
    "kind": "enemySpawn",
    "simTime": 47316.6667,
    "x": -11.9818,
    "y": 8.02,
  },
  {
    "archetypeId": "slime-wraith",
    "entityKind": "enemy",
    "kind": "death",
    "simTime": 47316.6667,
    "x": -11.9847,
    "y": 7.9768,
  },
  {
    "archetypeId": "speed-up",
    "kind": "dropSpawn",
    "simTime": 47316.6667,
    "x": -11.9847,
    "y": 7.9768,
  },
  {
    "archetypeId": "speed-up",
    "kind": "dropPickup",
    "simTime": 47333.3333,
    "x": -11.9847,
    "y": 7.9768,
  },
  {
    "archetypeId": "slime-trickster",
    "kind": "enemySpawn",
    "simTime": 48733.3333,
    "x": 3.087,
    "y": 7.98,
  },
  {
    "archetypeId": "slime-trickster",
    "entityKind": "enemy",
    "kind": "death",
    "simTime": 48733.3333,
    "x": 3.0454,
    "y": 7.98,
  },
  {
    "archetypeId": "slime-shell",
    "kind": "enemySpawn",
    "simTime": 50150,
    "x": -2.7316,
    "y": -7.85,
  },
  {
    "archetypeId": "slime-shell",
    "entityKind": "enemy",
    "kind": "death",
    "simTime": 50150,
    "x": -2.7459,
    "y": -7.8255,
  },
  {
    "archetypeId": "slime-wraith",
    "kind": "enemySpawn",
    "simTime": 51566.6667,
    "x": -6.836,
    "y": 8.02,
  },
  {
    "archetypeId": "slime-wraith",
    "entityKind": "enemy",
    "kind": "death",
    "simTime": 51566.6667,
    "x": -6.8793,
    "y": 8.0196,
  },
  {
    "archetypeId": "slime-trickster",
    "kind": "enemySpawn",
    "simTime": 52983.3333,
    "x": 9.4783,
    "y": 7.98,
  },
  {
    "archetypeId": "slime-trickster",
    "entityKind": "enemy",
    "kind": "death",
    "simTime": 52983.3333,
    "x": 9.4366,
    "y": 7.98,
  },
  {
    "archetypeId": "slime-shell",
    "kind": "enemySpawn",
    "simTime": 54400,
    "x": -2.5859,
    "y": 7.85,
  },
  {
    "archetypeId": "slime-shell",
    "entityKind": "enemy",
    "kind": "death",
    "simTime": 54400,
    "x": -2.6143,
    "y": 7.8504,
  },
  {
    "archetypeId": "pierce",
    "kind": "dropSpawn",
    "simTime": 54400,
    "x": -2.6143,
    "y": 7.8504,
  },
  {
    "archetypeId": "pierce",
    "kind": "dropPickup",
    "simTime": 54416.6667,
    "x": -2.6143,
    "y": 7.8504,
  },
  {
    "archetypeId": "slime-trickster",
    "kind": "enemySpawn",
    "simTime": 56933.3333,
    "x": -8.2757,
    "y": 7.98,
  },
  {
    "archetypeId": "slime-trickster",
    "entityKind": "enemy",
    "kind": "death",
    "simTime": 56933.3333,
    "x": -8.2341,
    "y": 7.979,
  },
  {
    "archetypeId": "speed-up",
    "kind": "dropSpawn",
    "simTime": 56933.3333,
    "x": -8.2341,
    "y": 7.979,
  },
  {
    "archetypeId": "speed-up",
    "kind": "dropPickup",
    "simTime": 56950,
    "x": -8.2341,
    "y": 7.979,
  },
  {
    "archetypeId": "slime-wraith",
    "kind": "enemySpawn",
    "simTime": 58100,
    "x": 2.2181,
    "y": -8.02,
  },
  {
    "archetypeId": "slime-wraith",
    "entityKind": "enemy",
    "kind": "death",
    "simTime": 58100,
    "x": 2.1944,
    "y": -7.9837,
  },
  {
    "archetypeId": "pierce",
    "kind": "dropSpawn",
    "simTime": 58100,
    "x": 2.1944,
    "y": -7.9837,
  },
  {
    "archetypeId": "pierce",
    "kind": "dropPickup",
    "simTime": 58116.6667,
    "x": 2.1944,
    "y": -7.9837,
  },
  {
    "archetypeId": "slime-shell",
    "kind": "enemySpawn",
    "simTime": 59266.6667,
    "x": -14.85,
    "y": 6.9703,
  },
  {
    "archetypeId": "slime-shell",
    "entityKind": "enemy",
    "kind": "death",
    "simTime": 59266.6667,
    "x": -14.8287,
    "y": 6.9516,
  },
  {
    "archetypeId": "heal-orb",
    "kind": "dropSpawn",
    "simTime": 59266.6667,
    "x": -14.8287,
    "y": 6.9516,
  },
  {
    "archetypeId": "heal-orb",
    "kind": "dropPickup",
    "simTime": 59283.3333,
    "x": -14.8287,
    "y": 6.9516,
  },
  {
    "archetypeId": "slime-stack",
    "kind": "enemySpawn",
    "simTime": 60433.3333,
    "x": -14.92,
    "y": -2.0712,
  },
  {
    "archetypeId": "slime-stack",
    "entityKind": "enemy",
    "kind": "death",
    "simTime": 60433.3333,
    "x": -14.9196,
    "y": -2.0345,
  },
  {
    "archetypeId": "slime-stack",
    "kind": "enemySpawn",
    "simTime": 61600,
    "x": -1.405,
    "y": -7.92,
  },
  {
    "archetypeId": "slime-stack",
    "entityKind": "enemy",
    "kind": "death",
    "simTime": 61600,
    "x": -1.4296,
    "y": -7.8928,
  },
  {
    "archetypeId": "multi-shot",
    "kind": "dropSpawn",
    "simTime": 61600,
    "x": -1.4296,
    "y": -7.8928,
  },
  {
    "archetypeId": "multi-shot",
    "kind": "dropPickup",
    "simTime": 61616.6667,
    "x": -1.4296,
    "y": -7.8928,
  },
  {
    "archetypeId": "slime-shell",
    "kind": "enemySpawn",
    "simTime": 62766.6667,
    "x": -3.0214,
    "y": 7.85,
  },
  {
    "archetypeId": "slime-shell",
    "entityKind": "enemy",
    "kind": "death",
    "simTime": 62766.6667,
    "x": -3.0186,
    "y": 7.8218,
  },
  {
    "archetypeId": "pierce",
    "kind": "dropSpawn",
    "simTime": 62766.6667,
    "x": -3.0186,
    "y": 7.8218,
  },
  {
    "archetypeId": "pierce",
    "kind": "dropPickup",
    "simTime": 62783.3333,
    "x": -3.0186,
    "y": 7.8218,
  },
  {
    "archetypeId": "slime-stack",
    "kind": "enemySpawn",
    "simTime": 63933.3333,
    "x": 14.92,
    "y": 5.3374,
  },
  {
    "archetypeId": "slime-stack",
    "entityKind": "enemy",
    "kind": "death",
    "simTime": 63933.3333,
    "x": 14.8837,
    "y": 5.3424,
  },
  {
    "archetypeId": "multi-shot",
    "kind": "dropSpawn",
    "simTime": 63933.3333,
    "x": 14.8837,
    "y": 5.3424,
  },
  {
    "archetypeId": "multi-shot",
    "kind": "dropPickup",
    "simTime": 63950,
    "x": 14.8837,
    "y": 5.3424,
  },
  {
    "archetypeId": "slime-trickster",
    "kind": "enemySpawn",
    "simTime": 65100,
    "x": -10.687,
    "y": -7.98,
  },
  {
    "archetypeId": "slime-trickster",
    "entityKind": "enemy",
    "kind": "death",
    "simTime": 65100,
    "x": -10.65,
    "y": -7.9607,
  },
  {
    "archetypeId": "slime-mech-crab",
    "kind": "enemySpawn",
    "simTime": 66250,
    "x": 14.88,
    "y": -5.4609,
  },
  {
    "archetypeId": "slime-mech-crab",
    "entityKind": "enemy",
    "kind": "death",
    "simTime": 66250,
    "x": 14.88,
    "y": -5.4276,
  },
  {
    "archetypeId": "slime-stack",
    "kind": "enemySpawn",
    "simTime": 67400,
    "x": -6.9823,
    "y": 7.92,
  },
  {
    "archetypeId": "slime-stack",
    "entityKind": "enemy",
    "kind": "death",
    "simTime": 67400,
    "x": -6.9459,
    "y": 7.9157,
  },
  {
    "archetypeId": "multi-shot",
    "kind": "dropSpawn",
    "simTime": 67400,
    "x": -6.9459,
    "y": 7.9157,
  },
  {
    "archetypeId": "multi-shot",
    "kind": "dropPickup",
    "simTime": 67416.6667,
    "x": -6.9459,
    "y": 7.9157,
  },
  {
    "archetypeId": "slime-trickster",
    "kind": "enemySpawn",
    "simTime": 69916.6667,
    "x": -6.1831,
    "y": 7.98,
  },
  {
    "archetypeId": "slime-trickster",
    "entityKind": "enemy",
    "kind": "death",
    "simTime": 69916.6667,
    "x": -6.2246,
    "y": 7.9765,
  },
  {
    "archetypeId": "slime-wraith",
    "kind": "enemySpawn",
    "simTime": 70916.6667,
    "x": -0.4236,
    "y": -8.02,
  },
  {
    "archetypeId": "slime-wraith",
    "entityKind": "enemy",
    "kind": "death",
    "simTime": 70916.6667,
    "x": -0.44,
    "y": -7.9799,
  },
  {
    "archetypeId": "slime-shell",
    "kind": "enemySpawn",
    "simTime": 71916.6667,
    "x": 3.2605,
    "y": -7.85,
  },
  {
    "archetypeId": "slime-shell",
    "entityKind": "enemy",
    "kind": "death",
    "simTime": 71916.6667,
    "x": 3.2451,
    "y": -7.8262,
  },
  {
    "archetypeId": "pierce",
    "kind": "dropSpawn",
    "simTime": 71916.6667,
    "x": 3.2451,
    "y": -7.8262,
  },
  {
    "archetypeId": "pierce",
    "kind": "dropPickup",
    "simTime": 71933.3333,
    "x": 3.2451,
    "y": -7.8262,
  },
  {
    "archetypeId": "slime-stack",
    "kind": "enemySpawn",
    "simTime": 72916.6667,
    "x": -7.9117,
    "y": 7.92,
  },
  {
    "archetypeId": "slime-stack",
    "entityKind": "enemy",
    "kind": "death",
    "simTime": 72916.6667,
    "x": -7.8905,
    "y": 7.8901,
  },
  {
    "archetypeId": "slime-mech-crab",
    "kind": "enemySpawn",
    "simTime": 73916.6667,
    "x": 6.0469,
    "y": -7.88,
  },
  {
    "archetypeId": "slime-mech-crab",
    "entityKind": "enemy",
    "kind": "death",
    "simTime": 73916.6667,
    "x": 6.0135,
    "y": -7.8794,
  },
  {
    "archetypeId": "pierce",
    "kind": "dropSpawn",
    "simTime": 73916.6667,
    "x": 6.0135,
    "y": -7.8794,
  },
  {
    "archetypeId": "pierce",
    "kind": "dropPickup",
    "simTime": 73933.3333,
    "x": 6.0135,
    "y": -7.8794,
  },
  {
    "archetypeId": "slime-shell",
    "kind": "enemySpawn",
    "simTime": 74916.6667,
    "x": 14.85,
    "y": -5.0485,
  },
  {
    "archetypeId": "slime-shell",
    "entityKind": "enemy",
    "kind": "death",
    "simTime": 74916.6667,
    "x": 14.823,
    "y": -5.0572,
  },
  {
    "archetypeId": "heal-orb",
    "kind": "dropSpawn",
    "simTime": 74916.6667,
    "x": 14.823,
    "y": -5.0572,
  },
  {
    "archetypeId": "heal-orb",
    "kind": "dropPickup",
    "simTime": 74933.3333,
    "x": 14.823,
    "y": -5.0572,
  },
  {
    "archetypeId": "slime-stack",
    "kind": "enemySpawn",
    "simTime": 75916.6667,
    "x": 11.1714,
    "y": -7.92,
  },
  {
    "archetypeId": "slime-stack",
    "entityKind": "enemy",
    "kind": "death",
    "simTime": 75916.6667,
    "x": 11.2003,
    "y": -7.8974,
  },
  {
    "archetypeId": "heal-orb",
    "kind": "dropSpawn",
    "simTime": 75916.6667,
    "x": 11.2003,
    "y": -7.8974,
  },
  {
    "archetypeId": "heal-orb",
    "kind": "dropPickup",
    "simTime": 75933.3333,
    "x": 11.2003,
    "y": -7.8974,
  },
  {
    "archetypeId": "slime-mech-crab",
    "kind": "enemySpawn",
    "simTime": 76916.6667,
    "x": -9.4535,
    "y": -7.88,
  },
  {
    "archetypeId": "slime-mech-crab",
    "entityKind": "enemy",
    "kind": "death",
    "simTime": 76916.6667,
    "x": -9.4202,
    "y": -7.88,
  },
  {
    "archetypeId": "fragment",
    "kind": "dropSpawn",
    "simTime": 76916.6667,
    "x": -9.4202,
    "y": -7.88,
  },
  {
    "archetypeId": "fragment",
    "kind": "dropPickup",
    "simTime": 76933.3333,
    "x": -9.4202,
    "y": -7.88,
  },
  {
    "archetypeId": "slime-flame",
    "kind": "enemySpawn",
    "simTime": 77916.6667,
    "x": 8.5509,
    "y": 8.06,
  },
  {
    "archetypeId": "slime-flame",
    "entityKind": "enemy",
    "kind": "death",
    "simTime": 77916.6667,
    "x": 8.5184,
    "y": 8.0312,
  },
  {
    "archetypeId": "slime-wraith",
    "kind": "enemySpawn",
    "simTime": 78916.6667,
    "x": 9.1548,
    "y": 8.02,
  },
  {
    "archetypeId": "slime-wraith",
    "entityKind": "enemy",
    "kind": "death",
    "simTime": 78916.6667,
    "x": 9.1219,
    "y": 7.9918,
  },
  {
    "archetypeId": "slime-stack",
    "kind": "enemySpawn",
    "simTime": 79916.6667,
    "x": -10.8739,
    "y": 7.92,
  },
  {
    "archetypeId": "slime-stack",
    "entityKind": "enemy",
    "kind": "death",
    "simTime": 79916.6667,
    "x": -10.8705,
    "y": 7.8835,
  },
  {
    "archetypeId": "slime-mech-crab",
    "kind": "enemySpawn",
    "simTime": 80916.6667,
    "x": -9.4169,
    "y": 7.88,
  },
  {
    "archetypeId": "slime-mech-crab",
    "entityKind": "enemy",
    "kind": "death",
    "simTime": 80916.6667,
    "x": -9.4169,
    "y": 7.8467,
  },
  {
    "archetypeId": "fragment",
    "kind": "dropSpawn",
    "simTime": 80916.6667,
    "x": -9.4169,
    "y": 7.8467,
  },
  {
    "archetypeId": "fragment",
    "kind": "dropPickup",
    "simTime": 80933.3333,
    "x": -9.4169,
    "y": 7.8467,
  },
  {
    "archetypeId": "slime-flame",
    "kind": "enemySpawn",
    "simTime": 81916.6667,
    "x": 1.6813,
    "y": -8.06,
  },
  {
    "archetypeId": "slime-flame",
    "entityKind": "enemy",
    "kind": "death",
    "simTime": 81916.6667,
    "x": 1.6565,
    "y": -8.0245,
  },
  {
    "archetypeId": "boss-saw-cyclops",
    "entityKind": "boss",
    "kind": "death",
    "simTime": 85433.3333,
    "x": 0,
    "y": 7.3958,
  },
  {
    "archetypeId": "slime-echo",
    "kind": "enemySpawn",
    "simTime": 90450,
    "x": -15.14,
    "y": 1.0956,
  },
  {
    "archetypeId": "slime-echo",
    "entityKind": "enemy",
    "kind": "death",
    "simTime": 90450,
    "x": -15.112,
    "y": 1.1286,
  },
  {
    "archetypeId": "slime-bug",
    "kind": "enemySpawn",
    "simTime": 91750,
    "x": -5.4033,
    "y": -8.02,
  },
  {
    "archetypeId": "slime-bug",
    "entityKind": "enemy",
    "kind": "death",
    "simTime": 91750,
    "x": -5.414,
    "y": -7.978,
  },
  {
    "archetypeId": "magnet",
    "kind": "dropSpawn",
    "simTime": 91750,
    "x": -5.414,
    "y": -7.978,
  },
  {
    "archetypeId": "magnet",
    "kind": "dropPickup",
    "simTime": 91766.6667,
    "x": -5.414,
    "y": -7.978,
  },
  {
    "archetypeId": "slime-echo",
    "kind": "enemySpawn",
    "simTime": 93050,
    "x": 11.4819,
    "y": 8.14,
  },
  {
    "archetypeId": "slime-echo",
    "entityKind": "enemy",
    "kind": "death",
    "simTime": 93050,
    "x": 11.4505,
    "y": 8.1101,
  },
  {
    "archetypeId": "magnet",
    "kind": "dropSpawn",
    "simTime": 93050,
    "x": 11.4505,
    "y": 8.1101,
  },
  {
    "archetypeId": "magnet",
    "kind": "dropPickup",
    "simTime": 93066.6667,
    "x": 11.4505,
    "y": 8.1101,
  },
  {
    "archetypeId": "slime-star",
    "kind": "enemySpawn",
    "simTime": 94350,
    "x": -15.12,
    "y": -4.6148,
  },
  {
    "archetypeId": "slime-star",
    "entityKind": "enemy",
    "kind": "death",
    "simTime": 94350,
    "x": -15.0779,
    "y": -4.5946,
  },
  {
    "archetypeId": "slime-bug",
    "kind": "enemySpawn",
    "simTime": 95650,
    "x": 13.0626,
    "y": 8.02,
  },
  {
    "archetypeId": "slime-bug",
    "entityKind": "enemy",
    "kind": "death",
    "simTime": 95650,
    "x": 13.0193,
    "y": 8.0224,
  },
  {
    "archetypeId": "slime-echo",
    "kind": "enemySpawn",
    "simTime": 96950,
    "x": -6.5272,
    "y": -8.14,
  },
  {
    "archetypeId": "slime-echo",
    "entityKind": "enemy",
    "kind": "death",
    "simTime": 96950,
    "x": -6.495,
    "y": -8.1109,
  },
  {
    "archetypeId": "slime-star",
    "kind": "enemySpawn",
    "simTime": 98250,
    "x": 1.052,
    "y": -8.12,
  },
  {
    "archetypeId": "slime-star",
    "entityKind": "enemy",
    "kind": "death",
    "simTime": 98250,
    "x": 1.0772,
    "y": -8.0807,
  },
  {
    "archetypeId": "slime-bug",
    "kind": "enemySpawn",
    "simTime": 99550,
    "x": -15.02,
    "y": 4.119,
  },
  {
    "archetypeId": "slime-bug",
    "entityKind": "enemy",
    "kind": "death",
    "simTime": 99550,
    "x": -14.9772,
    "y": 4.1254,
  },
  {
    "archetypeId": "slime-echo",
    "kind": "enemySpawn",
    "simTime": 102066.6667,
    "x": -0.8186,
    "y": -8.14,
  },
  {
    "archetypeId": "slime-echo",
    "entityKind": "enemy",
    "kind": "death",
    "simTime": 102066.6667,
    "x": -0.7925,
    "y": -8.1054,
  },
  {
    "archetypeId": "slime-bug",
    "kind": "enemySpawn",
    "simTime": 103116.6667,
    "x": 9.0885,
    "y": 8.02,
  },
  {
    "archetypeId": "slime-bug",
    "entityKind": "enemy",
    "kind": "death",
    "simTime": 103116.6667,
    "x": 9.1318,
    "y": 8.0217,
  },
  {
    "archetypeId": "slime-star",
    "kind": "enemySpawn",
    "simTime": 104166.6667,
    "x": -7.8756,
    "y": -8.12,
  },
  {
    "archetypeId": "slime-star",
    "entityKind": "enemy",
    "kind": "death",
    "simTime": 104166.6667,
    "x": -7.8398,
    "y": -8.09,
  },
  {
    "archetypeId": "slime-lifter",
    "kind": "enemySpawn",
    "simTime": 105216.6667,
    "x": -14.8,
    "y": -5.7053,
  },
  {
    "archetypeId": "slime-lifter",
    "entityKind": "enemy",
    "kind": "death",
    "simTime": 105216.6667,
    "x": -14.7764,
    "y": -5.6929,
  },
  {
    "archetypeId": "magnet",
    "kind": "dropSpawn",
    "simTime": 105216.6667,
    "x": -14.7764,
    "y": -5.6929,
  },
  {
    "archetypeId": "magnet",
    "kind": "dropPickup",
    "simTime": 105233.3333,
    "x": -14.7764,
    "y": -5.6929,
  },
  {
    "archetypeId": "slime-echo",
    "kind": "enemySpawn",
    "simTime": 106266.6667,
    "x": 15.14,
    "y": 1.6396,
  },
  {
    "archetypeId": "slime-echo",
    "entityKind": "enemy",
    "kind": "death",
    "simTime": 106266.6667,
    "x": 15.0979,
    "y": 1.6293,
  },
  {
    "archetypeId": "magnet",
    "kind": "dropSpawn",
    "simTime": 106266.6667,
    "x": 15.0979,
    "y": 1.6293,
  },
  {
    "archetypeId": "magnet",
    "kind": "dropPickup",
    "simTime": 106283.3333,
    "x": 15.0979,
    "y": 1.6293,
  },
  {
    "archetypeId": "slime-star",
    "kind": "enemySpawn",
    "simTime": 107316.6667,
    "x": 6.6839,
    "y": 8.12,
  },
  {
    "archetypeId": "slime-star",
    "entityKind": "enemy",
    "kind": "death",
    "simTime": 107316.6667,
    "x": 6.7209,
    "y": 8.0915,
  },
  {
    "archetypeId": "slime-lifter",
    "kind": "enemySpawn",
    "simTime": 108366.6667,
    "x": -14.8,
    "y": -5.6788,
  },
  {
    "archetypeId": "slime-lifter",
    "entityKind": "enemy",
    "kind": "death",
    "simTime": 108366.6667,
    "x": -14.7741,
    "y": -5.6724,
  },
  {
    "archetypeId": "slime-echo",
    "kind": "enemySpawn",
    "simTime": 109416.6667,
    "x": -11.7649,
    "y": 8.14,
  },
  {
    "archetypeId": "slime-echo",
    "entityKind": "enemy",
    "kind": "death",
    "simTime": 109416.6667,
    "x": -11.7228,
    "y": 8.1298,
  },
  {
    "archetypeId": "slime-drone",
    "kind": "enemySpawn",
    "simTime": 110466.6667,
    "x": 14.8446,
    "y": 8.08,
  },
  {
    "archetypeId": "slime-drone",
    "entityKind": "enemy",
    "kind": "death",
    "simTime": 110466.6667,
    "x": 14.8464,
    "y": 8.0334,
  },
  {
    "archetypeId": "slime-star",
    "kind": "enemySpawn",
    "simTime": 111516.6667,
    "x": -15.12,
    "y": -2.9532,
  },
  {
    "archetypeId": "slime-star",
    "entityKind": "enemy",
    "kind": "death",
    "simTime": 111516.6667,
    "x": -15.0739,
    "y": -2.9462,
  },
  {
    "archetypeId": "slime-lifter",
    "kind": "enemySpawn",
    "simTime": 112566.6667,
    "x": 14.8,
    "y": -1.5422,
  },
  {
    "archetypeId": "slime-lifter",
    "entityKind": "enemy",
    "kind": "death",
    "simTime": 112566.6667,
    "x": 14.8025,
    "y": -1.5157,
  },
  {
    "archetypeId": "magnet",
    "kind": "dropSpawn",
    "simTime": 112566.6667,
    "x": 14.8025,
    "y": -1.5157,
  },
  {
    "archetypeId": "magnet",
    "kind": "dropPickup",
    "simTime": 112583.3333,
    "x": 14.8025,
    "y": -1.5157,
  },
  {
    "archetypeId": "slime-echo",
    "kind": "enemySpawn",
    "simTime": 115083.3333,
    "x": 8.0821,
    "y": -8.14,
  },
  {
    "archetypeId": "slime-echo",
    "entityKind": "enemy",
    "kind": "death",
    "simTime": 115083.3333,
    "x": 8.1129,
    "y": -8.1096,
  },
  {
    "archetypeId": "slime-bug",
    "kind": "enemySpawn",
    "simTime": 115983.3333,
    "x": -8.0405,
    "y": 8.02,
  },
  {
    "archetypeId": "slime-bug",
    "entityKind": "enemy",
    "kind": "death",
    "simTime": 115983.3333,
    "x": -8.0005,
    "y": 8.0033,
  },
  {
    "archetypeId": "slime-star",
    "kind": "enemySpawn",
    "simTime": 116883.3333,
    "x": 15.12,
    "y": -6.1697,
  },
  {
    "archetypeId": "slime-star",
    "entityKind": "enemy",
    "kind": "death",
    "simTime": 116883.3333,
    "x": 15.1168,
    "y": -6.1232,
  },
  {
    "archetypeId": "slime-lifter",
    "kind": "enemySpawn",
    "simTime": 117783.3333,
    "x": 2.5546,
    "y": 7.8,
  },
  {
    "archetypeId": "slime-lifter",
    "entityKind": "enemy",
    "kind": "death",
    "simTime": 117783.3333,
    "x": 2.5758,
    "y": 7.7839,
  },
  {
    "archetypeId": "slime-drone",
    "kind": "enemySpawn",
    "simTime": 118683.3333,
    "x": -11.6884,
    "y": 8.08,
  },
  {
    "archetypeId": "slime-drone",
    "entityKind": "enemy",
    "kind": "death",
    "simTime": 118683.3333,
    "x": -11.6445,
    "y": 8.0641,
  },
  {
    "archetypeId": "slime-star",
    "kind": "enemySpawn",
    "simTime": 119583.3333,
    "x": -8.41,
    "y": 8.12,
  },
  {
    "archetypeId": "slime-star",
    "entityKind": "enemy",
    "kind": "death",
    "simTime": 119583.3333,
    "x": -8.3669,
    "y": 8.1021,
  },
  {
    "archetypeId": "slime-lifter",
    "kind": "enemySpawn",
    "simTime": 120483.3333,
    "x": -4.6049,
    "y": 7.8,
  },
  {
    "archetypeId": "slime-lifter",
    "entityKind": "enemy",
    "kind": "death",
    "simTime": 120483.3333,
    "x": -4.5808,
    "y": 7.7885,
  },
  {
    "archetypeId": "slime-drone",
    "kind": "enemySpawn",
    "simTime": 121383.3333,
    "x": 1.8701,
    "y": 8.08,
  },
  {
    "archetypeId": "slime-drone",
    "entityKind": "enemy",
    "kind": "death",
    "simTime": 121383.3333,
    "x": 1.9076,
    "y": 8.0522,
  },
  {
    "archetypeId": "speed-up",
    "kind": "dropSpawn",
    "simTime": 121383.3333,
    "x": 1.9076,
    "y": 8.0522,
  },
  {
    "archetypeId": "speed-up",
    "kind": "dropPickup",
    "simTime": 121400,
    "x": 1.9076,
    "y": 8.0522,
  },
  {
    "archetypeId": "slime-saw",
    "kind": "enemySpawn",
    "simTime": 122283.3333,
    "x": 14.95,
    "y": -0.7447,
  },
  {
    "archetypeId": "slime-saw",
    "entityKind": "enemy",
    "kind": "death",
    "simTime": 122283.3333,
    "x": 14.9155,
    "y": -0.7214,
  },
  {
    "archetypeId": "slime-bug",
    "kind": "enemySpawn",
    "simTime": 123183.3333,
    "x": -8.2435,
    "y": 8.02,
  },
  {
    "archetypeId": "slime-bug",
    "entityKind": "enemy",
    "kind": "death",
    "simTime": 123183.3333,
    "x": -8.2001,
    "y": 8.0201,
  },
  {
    "archetypeId": "heal-orb",
    "kind": "dropSpawn",
    "simTime": 123183.3333,
    "x": -8.2001,
    "y": 8.0201,
  },
  {
    "archetypeId": "heal-orb",
    "kind": "dropPickup",
    "simTime": 123200,
    "x": -8.2001,
    "y": 8.0201,
  },
  {
    "archetypeId": "slime-star",
    "kind": "enemySpawn",
    "simTime": 124083.3333,
    "x": -4.9281,
    "y": 8.12,
  },
  {
    "archetypeId": "slime-star",
    "entityKind": "enemy",
    "kind": "death",
    "simTime": 124083.3333,
    "x": -4.9747,
    "y": 8.1186,
  },
  {
    "archetypeId": "slime-lifter",
    "kind": "enemySpawn",
    "simTime": 124983.3333,
    "x": -14.8,
    "y": 5.318,
  },
  {
    "archetypeId": "slime-lifter",
    "entityKind": "enemy",
    "kind": "death",
    "simTime": 124983.3333,
    "x": -14.7753,
    "y": 5.3281,
  },
  {
    "archetypeId": "slime-drone",
    "kind": "enemySpawn",
    "simTime": 125883.3333,
    "x": 11.9565,
    "y": 8.08,
  },
  {
    "archetypeId": "slime-drone",
    "entityKind": "enemy",
    "kind": "death",
    "simTime": 125883.3333,
    "x": 11.9099,
    "y": 8.0799,
  },
  {
    "archetypeId": "speed-up",
    "kind": "dropSpawn",
    "simTime": 125883.3333,
    "x": 11.9099,
    "y": 8.0799,
  },
  {
    "archetypeId": "speed-up",
    "kind": "dropPickup",
    "simTime": 125900,
    "x": 11.9099,
    "y": 8.0799,
  },
  {
    "archetypeId": "slime-saw",
    "kind": "enemySpawn",
    "simTime": 126783.3333,
    "x": -5.0692,
    "y": 7.95,
  },
  {
    "archetypeId": "slime-saw",
    "entityKind": "enemy",
    "kind": "death",
    "simTime": 126783.3333,
    "x": -5.0275,
    "y": 7.9503,
  },
  {
    "archetypeId": "boss-scrap-king",
    "entityKind": "boss",
    "kind": "death",
    "simTime": 130300,
    "x": 0,
    "y": 6.8604,
  },
  {
    "archetypeId": "slime-tadpole",
    "kind": "enemySpawn",
    "simTime": 135350,
    "x": 15.16,
    "y": -5.8242,
  },
  {
    "archetypeId": "slime-tadpole",
    "entityKind": "enemy",
    "kind": "death",
    "simTime": 135350,
    "x": 15.1498,
    "y": -5.7804,
  },
  {
    "archetypeId": "slime-fortress",
    "kind": "enemySpawn",
    "simTime": 136566.6667,
    "x": 13.1555,
    "y": 7.7,
  },
  {
    "archetypeId": "slime-fortress",
    "entityKind": "enemy",
    "kind": "death",
    "simTime": 136566.6667,
    "x": 13.1364,
    "y": 7.7058,
  },
  {
    "archetypeId": "slime-tadpole",
    "kind": "enemySpawn",
    "simTime": 137783.3333,
    "x": -6.7599,
    "y": -8.16,
  },
  {
    "archetypeId": "slime-tadpole",
    "entityKind": "enemy",
    "kind": "death",
    "simTime": 137783.3333,
    "x": -6.7259,
    "y": -8.1305,
  },
  {
    "archetypeId": "magnet",
    "kind": "dropSpawn",
    "simTime": 137783.3333,
    "x": -6.7259,
    "y": -8.1305,
  },
  {
    "archetypeId": "magnet",
    "kind": "dropPickup",
    "simTime": 137800,
    "x": -6.7259,
    "y": -8.1305,
  },
  {
    "archetypeId": "slime-splitter",
    "kind": "enemySpawn",
    "simTime": 139000,
    "x": -13.9461,
    "y": 7.94,
  },
  {
    "archetypeId": "slime-splitter",
    "entityKind": "enemy",
    "kind": "death",
    "simTime": 139000,
    "x": -13.9297,
    "y": 7.9035,
  },
  {
    "archetypeId": "slime-fortress",
    "kind": "enemySpawn",
    "simTime": 140216.6667,
    "x": -7.2532,
    "y": -7.7,
  },
  {
    "archetypeId": "slime-fortress",
    "entityKind": "enemy",
    "kind": "death",
    "simTime": 140216.6667,
    "x": -7.2377,
    "y": -7.7126,
  },
  {
    "archetypeId": "slime-tadpole",
    "kind": "enemySpawn",
    "simTime": 141433.3333,
    "x": -15.16,
    "y": 0.0489,
  },
  {
    "archetypeId": "slime-tadpole",
    "entityKind": "enemy",
    "kind": "death",
    "simTime": 141433.3333,
    "x": -15.1277,
    "y": 0.0175,
  },
  {
    "archetypeId": "magnet",
    "kind": "dropSpawn",
    "simTime": 141433.3333,
    "x": -15.1277,
    "y": 0.0175,
  },
  {
    "archetypeId": "magnet",
    "kind": "dropPickup",
    "simTime": 141450,
    "x": -15.1277,
    "y": 0.0175,
  },
  {
    "archetypeId": "slime-splitter",
    "kind": "enemySpawn",
    "simTime": 142650,
    "x": 14.94,
    "y": -5.8881,
  },
  {
    "archetypeId": "slime-splitter",
    "entityKind": "enemy",
    "kind": "death",
    "simTime": 142650,
    "x": 14.9007,
    "y": -5.8804,
  },
  {
    "archetypeId": "slime-fortress",
    "kind": "enemySpawn",
    "simTime": 143866.6667,
    "x": 12.8963,
    "y": -7.7,
  },
  {
    "archetypeId": "slime-fortress",
    "entityKind": "enemy",
    "kind": "death",
    "simTime": 143866.6667,
    "x": 12.877,
    "y": -7.6947,
  },
  {
    "archetypeId": "heal-orb",
    "kind": "dropSpawn",
    "simTime": 143866.6667,
    "x": 12.877,
    "y": -7.6947,
  },
  {
    "archetypeId": "heal-orb",
    "kind": "dropPickup",
    "simTime": 143883.3333,
    "x": 12.877,
    "y": -7.6947,
  },
  {
    "archetypeId": "slime-tadpole",
    "kind": "enemySpawn",
    "simTime": 146400,
    "x": -5.3417,
    "y": 8.16,
  },
  {
    "archetypeId": "slime-tadpole",
    "entityKind": "enemy",
    "kind": "death",
    "simTime": 146400,
    "x": -5.3078,
    "y": 8.1305,
  },
  {
    "archetypeId": "slime-fortress",
    "kind": "enemySpawn",
    "simTime": 147366.6667,
    "x": -14.7,
    "y": -3.8499,
  },
  {
    "archetypeId": "slime-fortress",
    "entityKind": "enemy",
    "kind": "death",
    "simTime": 147366.6667,
    "x": -14.6802,
    "y": -3.8526,
  },
  {
    "archetypeId": "heal-orb",
    "kind": "dropSpawn",
    "simTime": 147366.6667,
    "x": -14.6802,
    "y": -3.8526,
  },
  {
    "archetypeId": "heal-orb",
    "kind": "dropPickup",
    "simTime": 147383.3333,
    "x": -14.6802,
    "y": -3.8526,
  },
  {
    "archetypeId": "slime-splitter",
    "kind": "enemySpawn",
    "simTime": 148333.3333,
    "x": 8.0994,
    "y": -7.94,
  },
  {
    "archetypeId": "slime-splitter",
    "entityKind": "enemy",
    "kind": "death",
    "simTime": 148333.3333,
    "x": 8.06,
    "y": -7.9329,
  },
  {
    "archetypeId": "multi-shot",
    "kind": "dropSpawn",
    "simTime": 148333.3333,
    "x": 8.06,
    "y": -7.9329,
  },
  {
    "archetypeId": "multi-shot",
    "kind": "dropPickup",
    "simTime": 148350,
    "x": 8.06,
    "y": -7.9329,
  },
  {
    "archetypeId": "slime-prince",
    "kind": "enemySpawn",
    "simTime": 149300,
    "x": 14.84,
    "y": -1.9189,
  },
  {
    "archetypeId": "slime-prince",
    "entityKind": "enemy",
    "kind": "death",
    "simTime": 149300,
    "x": 14.8126,
    "y": -1.9432,
  },
  {
    "archetypeId": "slime-prince",
    "kind": "enemySpawn",
    "simTime": 150266.6667,
    "x": -3.4398,
    "y": 7.84,
  },
  {
    "archetypeId": "slime-prince",
    "entityKind": "enemy",
    "kind": "death",
    "simTime": 150266.6667,
    "x": -3.4182,
    "y": 7.8104,
  },
  {
    "archetypeId": "fragment",
    "kind": "dropSpawn",
    "simTime": 150266.6667,
    "x": -3.4182,
    "y": 7.8104,
  },
  {
    "archetypeId": "fragment",
    "kind": "dropPickup",
    "simTime": 150283.3333,
    "x": -3.4182,
    "y": 7.8104,
  },
  {
    "archetypeId": "slime-splitter",
    "kind": "enemySpawn",
    "simTime": 151233.3333,
    "x": 14.94,
    "y": 7.6565,
  },
  {
    "archetypeId": "slime-splitter",
    "entityKind": "enemy",
    "kind": "death",
    "simTime": 151233.3333,
    "x": 14.9,
    "y": 7.6569,
  },
  {
    "archetypeId": "multi-shot",
    "kind": "dropSpawn",
    "simTime": 151233.3333,
    "x": 14.9,
    "y": 7.6569,
  },
  {
    "archetypeId": "multi-shot",
    "kind": "dropPickup",
    "simTime": 151250,
    "x": 14.9,
    "y": 7.6569,
  },
  {
    "archetypeId": "slime-prince",
    "kind": "enemySpawn",
    "simTime": 152200,
    "x": -14.84,
    "y": 1.0351,
  },
  {
    "archetypeId": "slime-prince",
    "entityKind": "enemy",
    "kind": "death",
    "simTime": 152200,
    "x": -14.8042,
    "y": 1.043,
  },
  {
    "archetypeId": "slime-tadpole",
    "kind": "enemySpawn",
    "simTime": 153166.6667,
    "x": 15.16,
    "y": 5.579,
  },
  {
    "archetypeId": "slime-tadpole",
    "entityKind": "enemy",
    "kind": "death",
    "simTime": 153166.6667,
    "x": 15.1544,
    "y": 5.6237,
  },
  {
    "archetypeId": "slime-dasher",
    "kind": "enemySpawn",
    "simTime": 154133.3333,
    "x": 14.0545,
    "y": -8.04,
  },
  {
    "archetypeId": "slime-dasher",
    "entityKind": "enemy",
    "kind": "death",
    "simTime": 154133.3333,
    "x": 14.0571,
    "y": -7.9934,
  },
  {
    "archetypeId": "slime-splitter",
    "kind": "enemySpawn",
    "simTime": 155100,
    "x": -9.8165,
    "y": -7.94,
  },
  {
    "archetypeId": "slime-splitter",
    "entityKind": "enemy",
    "kind": "death",
    "simTime": 155100,
    "x": -9.7827,
    "y": -7.9187,
  },
  {
    "archetypeId": "slime-prince",
    "kind": "enemySpawn",
    "simTime": 156066.6667,
    "x": 14.5611,
    "y": -7.84,
  },
  {
    "archetypeId": "slime-prince",
    "entityKind": "enemy",
    "kind": "death",
    "simTime": 156066.6667,
    "x": 14.5619,
    "y": -7.8033,
  },
  {
    "archetypeId": "overdrive",
    "kind": "dropSpawn",
    "simTime": 156066.6667,
    "x": 14.5619,
    "y": -7.8033,
  },
  {
    "archetypeId": "overdrive",
    "kind": "dropPickup",
    "simTime": 156083.3333,
    "x": 14.5619,
    "y": -7.8033,
  },
  {
    "archetypeId": "slime-dasher",
    "kind": "enemySpawn",
    "simTime": 157033.3333,
    "x": -3.2269,
    "y": 8.04,
  },
  {
    "archetypeId": "slime-dasher",
    "entityKind": "enemy",
    "kind": "death",
    "simTime": 157033.3333,
    "x": -3.1921,
    "y": 8.009,
  },
  {
    "archetypeId": "slime-tadpole",
    "kind": "enemySpawn",
    "simTime": 159566.6667,
    "x": -11.8684,
    "y": 8.16,
  },
  {
    "archetypeId": "slime-tadpole",
    "entityKind": "enemy",
    "kind": "death",
    "simTime": 159566.6667,
    "x": -11.8299,
    "y": 8.1367,
  },
  {
    "archetypeId": "slime-fortress",
    "kind": "enemySpawn",
    "simTime": 160383.3333,
    "x": 11.8658,
    "y": -7.7,
  },
  {
    "archetypeId": "slime-fortress",
    "entityKind": "enemy",
    "kind": "death",
    "simTime": 160383.3333,
    "x": 11.8858,
    "y": -7.7008,
  },
  {
    "archetypeId": "slime-splitter",
    "kind": "enemySpawn",
    "simTime": 161200,
    "x": 14.4554,
    "y": -7.94,
  },
  {
    "archetypeId": "slime-splitter",
    "entityKind": "enemy",
    "kind": "death",
    "simTime": 161200,
    "x": 14.48,
    "y": -7.9085,
  },
  {
    "archetypeId": "slime-prince",
    "kind": "enemySpawn",
    "simTime": 162016.6667,
    "x": 14.84,
    "y": -7.4369,
  },
  {
    "archetypeId": "slime-prince",
    "entityKind": "enemy",
    "kind": "death",
    "simTime": 162016.6667,
    "x": 14.8178,
    "y": -7.4661,
  },
  {
    "archetypeId": "slime-dasher",
    "kind": "enemySpawn",
    "simTime": 162833.3333,
    "x": -15.04,
    "y": -0.6229,
  },
  {
    "archetypeId": "slime-dasher",
    "entityKind": "enemy",
    "kind": "death",
    "simTime": 162833.3333,
    "x": -14.9946,
    "y": -0.6339,
  },
  {
    "archetypeId": "speed-up",
    "kind": "dropSpawn",
    "simTime": 162833.3333,
    "x": -14.9946,
    "y": -0.6339,
  },
  {
    "archetypeId": "speed-up",
    "kind": "dropPickup",
    "simTime": 162850,
    "x": -14.9946,
    "y": -0.6339,
  },
  {
    "archetypeId": "slime-splitter",
    "kind": "enemySpawn",
    "simTime": 163650,
    "x": -14.94,
    "y": -3.8295,
  },
  {
    "archetypeId": "slime-splitter",
    "entityKind": "enemy",
    "kind": "death",
    "simTime": 163650,
    "x": -14.9407,
    "y": -3.7895,
  },
  {
    "archetypeId": "slime-prince",
    "kind": "enemySpawn",
    "simTime": 164466.6667,
    "x": -1.2582,
    "y": 7.84,
  },
  {
    "archetypeId": "slime-prince",
    "entityKind": "enemy",
    "kind": "death",
    "simTime": 164466.6667,
    "x": -1.2894,
    "y": 7.8207,
  },
  {
    "archetypeId": "slime-dasher",
    "kind": "enemySpawn",
    "simTime": 165283.3333,
    "x": 14.639,
    "y": 8.04,
  },
  {
    "archetypeId": "slime-dasher",
    "entityKind": "enemy",
    "kind": "death",
    "simTime": 165283.3333,
    "x": 14.5942,
    "y": 8.0269,
  },
  {
    "archetypeId": "slime-kingling",
    "kind": "enemySpawn",
    "simTime": 166100,
    "x": 14.76,
    "y": 6.4712,
  },
  {
    "archetypeId": "slime-kingling",
    "entityKind": "enemy",
    "kind": "death",
    "simTime": 166100,
    "x": 14.7324,
    "y": 6.4646,
  },
  {
    "archetypeId": "slime-fortress",
    "kind": "enemySpawn",
    "simTime": 166916.6667,
    "x": -14.7,
    "y": -6.4919,
  },
  {
    "archetypeId": "slime-fortress",
    "entityKind": "enemy",
    "kind": "death",
    "simTime": 166916.6667,
    "x": -14.701,
    "y": -6.472,
  },
  {
    "archetypeId": "heal-orb",
    "kind": "dropSpawn",
    "simTime": 166916.6667,
    "x": -14.701,
    "y": -6.472,
  },
  {
    "archetypeId": "heal-orb",
    "kind": "dropPickup",
    "simTime": 166933.3333,
    "x": -14.701,
    "y": -6.472,
  },
  {
    "archetypeId": "slime-splitter",
    "kind": "enemySpawn",
    "simTime": 167733.3333,
    "x": 14.94,
    "y": 1.5628,
  },
  {
    "archetypeId": "slime-splitter",
    "entityKind": "enemy",
    "kind": "death",
    "simTime": 167733.3333,
    "x": 14.9014,
    "y": 1.5524,
  },
  {
    "archetypeId": "slime-prince",
    "kind": "enemySpawn",
    "simTime": 168550,
    "x": -14.84,
    "y": -7.4867,
  },
  {
    "archetypeId": "slime-prince",
    "entityKind": "enemy",
    "kind": "death",
    "simTime": 168550,
    "x": -14.835,
    "y": -7.4504,
  },
  {
    "archetypeId": "overdrive",
    "kind": "dropSpawn",
    "simTime": 168550,
    "x": -14.835,
    "y": -7.4504,
  },
  {
    "archetypeId": "overdrive",
    "kind": "dropPickup",
    "simTime": 168566.6667,
    "x": -14.835,
    "y": -7.4504,
  },
  {
    "archetypeId": "slime-dasher",
    "kind": "enemySpawn",
    "simTime": 169366.6667,
    "x": -12.4844,
    "y": 8.04,
  },
  {
    "archetypeId": "slime-dasher",
    "entityKind": "enemy",
    "kind": "death",
    "simTime": 169366.6667,
    "x": -12.4914,
    "y": 7.9939,
  },
  {
    "archetypeId": "slime-kingling",
    "kind": "enemySpawn",
    "simTime": 170183.3333,
    "x": -14.76,
    "y": -5.456,
  },
  {
    "archetypeId": "slime-kingling",
    "entityKind": "enemy",
    "kind": "death",
    "simTime": 170183.3333,
    "x": -14.7611,
    "y": -5.4843,
  },
  {
    "archetypeId": "slime-kingling",
    "kind": "enemySpawn",
    "simTime": 171000,
    "x": -8.4478,
    "y": -7.76,
  },
  {
    "archetypeId": "slime-kingling",
    "entityKind": "enemy",
    "kind": "death",
    "simTime": 171000,
    "x": -8.4761,
    "y": -7.7586,
  },
  {
    "archetypeId": "heal-orb",
    "kind": "dropSpawn",
    "simTime": 171000,
    "x": -8.4761,
    "y": -7.7586,
  },
  {
    "archetypeId": "heal-orb",
    "kind": "dropPickup",
    "simTime": 171016.6667,
    "x": -8.4761,
    "y": -7.7586,
  },
  {
    "archetypeId": "boss-tower-sentinel",
    "entityKind": "boss",
    "kind": "death",
    "simTime": 174533.3333,
    "x": 0,
    "y": 7.025,
  },
  {
    "archetypeId": "slime-door",
    "kind": "enemySpawn",
    "simTime": 179583.3333,
    "x": -14.74,
    "y": 5.0366,
  },
  {
    "archetypeId": "slime-door",
    "entityKind": "enemy",
    "kind": "death",
    "simTime": 179583.3333,
    "x": -14.7319,
    "y": 5.0202,
  },
  {
    "archetypeId": "pierce",
    "kind": "dropSpawn",
    "simTime": 179583.3333,
    "x": -14.7319,
    "y": 5.0202,
  },
  {
    "archetypeId": "pierce",
    "kind": "dropPickup",
    "simTime": 179600,
    "x": -14.7319,
    "y": 5.0202,
  },
  {
    "archetypeId": "slime-candle",
    "kind": "enemySpawn",
    "simTime": 180700,
    "x": -10.4914,
    "y": -8.04,
  },
  {
    "archetypeId": "slime-candle",
    "entityKind": "enemy",
    "kind": "death",
    "simTime": 180700,
    "x": -10.5042,
    "y": -8.0004,
  },
  {
    "archetypeId": "slime-door",
    "kind": "enemySpawn",
    "simTime": 181816.6667,
    "x": -7.8885,
    "y": 7.74,
  },
  {
    "archetypeId": "slime-door",
    "entityKind": "enemy",
    "kind": "death",
    "simTime": 181816.6667,
    "x": -7.9056,
    "y": 7.7332,
  },
  {
    "archetypeId": "pierce",
    "kind": "dropSpawn",
    "simTime": 181816.6667,
    "x": -7.9056,
    "y": 7.7332,
  },
  {
    "archetypeId": "pierce",
    "kind": "dropPickup",
    "simTime": 181833.3333,
    "x": -7.9056,
    "y": 7.7332,
  },
  {
    "archetypeId": "slime-mech",
    "kind": "enemySpawn",
    "simTime": 182933.3333,
    "x": -14.8,
    "y": -7.4672,
  },
  {
    "archetypeId": "slime-mech",
    "entityKind": "enemy",
    "kind": "death",
    "simTime": 182933.3333,
    "x": -14.7876,
    "y": -7.4399,
  },
  {
    "archetypeId": "slime-candle",
    "kind": "enemySpawn",
    "simTime": 184050,
    "x": 5.0413,
    "y": 8.04,
  },
  {
    "archetypeId": "slime-candle",
    "entityKind": "enemy",
    "kind": "death",
    "simTime": 184050,
    "x": 4.9996,
    "y": 8.039,
  },
  {
    "archetypeId": "slime-door",
    "kind": "enemySpawn",
    "simTime": 185166.6667,
    "x": 13.0031,
    "y": -7.74,
  },
  {
    "archetypeId": "slime-door",
    "entityKind": "enemy",
    "kind": "death",
    "simTime": 185166.6667,
    "x": 12.9883,
    "y": -7.7291,
  },
  {
    "archetypeId": "slime-mech",
    "kind": "enemySpawn",
    "simTime": 186283.3333,
    "x": -14.8,
    "y": 3.7038,
  },
  {
    "archetypeId": "slime-mech",
    "entityKind": "enemy",
    "kind": "death",
    "simTime": 186283.3333,
    "x": -14.7741,
    "y": 3.7189,
  },
  {
    "archetypeId": "fragment",
    "kind": "dropSpawn",
    "simTime": 186283.3333,
    "x": -14.7741,
    "y": 3.7189,
  },
  {
    "archetypeId": "fragment",
    "kind": "dropPickup",
    "simTime": 186300,
    "x": -14.7741,
    "y": 3.7189,
  },
  {
    "archetypeId": "slime-candle",
    "kind": "enemySpawn",
    "simTime": 187400,
    "x": -7.5115,
    "y": -8.04,
  },
  {
    "archetypeId": "slime-candle",
    "entityKind": "enemy",
    "kind": "death",
    "simTime": 187400,
    "x": -7.5334,
    "y": -8.0045,
  },
  {
    "archetypeId": "slime-door",
    "kind": "enemySpawn",
    "simTime": 188516.6667,
    "x": 5.0602,
    "y": 7.74,
  },
  {
    "archetypeId": "slime-door",
    "entityKind": "enemy",
    "kind": "death",
    "simTime": 188516.6667,
    "x": 5.0422,
    "y": 7.7364,
  },
  {
    "archetypeId": "slime-door",
    "kind": "enemySpawn",
    "simTime": 191050,
    "x": -9.9006,
    "y": -7.74,
  },
  {
    "archetypeId": "slime-door",
    "entityKind": "enemy",
    "kind": "death",
    "simTime": 191050,
    "x": -9.9077,
    "y": -7.7231,
  },
  {
    "archetypeId": "pierce",
    "kind": "dropSpawn",
    "simTime": 191050,
    "x": -9.9077,
    "y": -7.7231,
  },
  {
    "archetypeId": "pierce",
    "kind": "dropPickup",
    "simTime": 191066.6667,
    "x": -9.9077,
    "y": -7.7231,
  },
  {
    "archetypeId": "slime-candle",
    "kind": "enemySpawn",
    "simTime": 191916.6667,
    "x": 15.04,
    "y": 5.6342,
  },
  {
    "archetypeId": "slime-candle",
    "entityKind": "enemy",
    "kind": "death",
    "simTime": 191916.6667,
    "x": 15.0033,
    "y": 5.6145,
  },
  {
    "archetypeId": "slime-mech",
    "kind": "enemySpawn",
    "simTime": 192783.3333,
    "x": -14.8,
    "y": 3.7967,
  },
  {
    "archetypeId": "slime-mech",
    "entityKind": "enemy",
    "kind": "death",
    "simTime": 192783.3333,
    "x": -14.7883,
    "y": 3.7691,
  },
  {
    "archetypeId": "slime-clamper",
    "kind": "enemySpawn",
    "simTime": 193650,
    "x": 4.3235,
    "y": 7.98,
  },
  {
    "archetypeId": "slime-clamper",
    "entityKind": "enemy",
    "kind": "death",
    "simTime": 193650,
    "x": 4.2955,
    "y": 7.9491,
  },
  {
    "archetypeId": "pierce",
    "kind": "dropSpawn",
    "simTime": 193650,
    "x": 4.2955,
    "y": 7.9491,
  },
  {
    "archetypeId": "pierce",
    "kind": "dropPickup",
    "simTime": 193666.6667,
    "x": 4.2955,
    "y": 7.9491,
  },
  {
    "archetypeId": "slime-obelisk",
    "kind": "enemySpawn",
    "simTime": 194516.6667,
    "x": 4.4915,
    "y": -8,
  },
  {
    "archetypeId": "slime-obelisk",
    "entityKind": "enemy",
    "kind": "death",
    "simTime": 194516.6667,
    "x": 4.4911,
    "y": -7.9667,
  },
  {
    "archetypeId": "overdrive",
    "kind": "dropSpawn",
    "simTime": 194516.6667,
    "x": 4.4911,
    "y": -7.9667,
  },
  {
    "archetypeId": "overdrive",
    "kind": "dropPickup",
    "simTime": 194533.3333,
    "x": 4.4911,
    "y": -7.9667,
  },
  {
    "archetypeId": "slime-mech",
    "kind": "enemySpawn",
    "simTime": 195383.3333,
    "x": 14.8,
    "y": 2.644,
  },
  {
    "archetypeId": "slime-mech",
    "entityKind": "enemy",
    "kind": "death",
    "simTime": 195383.3333,
    "x": 14.7791,
    "y": 2.6225,
  },
  {
    "archetypeId": "pierce",
    "kind": "dropSpawn",
    "simTime": 195383.3333,
    "x": 14.7791,
    "y": 2.6225,
  },
  {
    "archetypeId": "pierce",
    "kind": "dropPickup",
    "simTime": 195400,
    "x": 14.7791,
    "y": 2.6225,
  },
  {
    "archetypeId": "slime-clamper",
    "kind": "enemySpawn",
    "simTime": 196250,
    "x": -5.305,
    "y": -7.98,
  },
  {
    "archetypeId": "slime-clamper",
    "entityKind": "enemy",
    "kind": "death",
    "simTime": 196250,
    "x": -5.2681,
    "y": -7.9605,
  },
  {
    "archetypeId": "slime-door",
    "kind": "enemySpawn",
    "simTime": 197116.6667,
    "x": -4.3534,
    "y": 7.74,
  },
  {
    "archetypeId": "slime-door",
    "entityKind": "enemy",
    "kind": "death",
    "simTime": 197116.6667,
    "x": -4.3357,
    "y": 7.7353,
  },
  {
    "archetypeId": "slime-ninja",
    "kind": "enemySpawn",
    "simTime": 197983.3333,
    "x": -10.366,
    "y": 7.96,
  },
  {
    "archetypeId": "slime-ninja",
    "entityKind": "enemy",
    "kind": "death",
    "simTime": 197983.3333,
    "x": -10.3236,
    "y": 7.951,
  },
  {
    "archetypeId": "slime-mech",
    "kind": "enemySpawn",
    "simTime": 198850,
    "x": -5.0375,
    "y": -7.8,
  },
  {
    "archetypeId": "slime-mech",
    "entityKind": "enemy",
    "kind": "death",
    "simTime": 198850,
    "x": -5.011,
    "y": -7.786,
  },
  {
    "archetypeId": "pierce",
    "kind": "dropSpawn",
    "simTime": 198850,
    "x": -5.011,
    "y": -7.786,
  },
  {
    "archetypeId": "pierce",
    "kind": "dropPickup",
    "simTime": 198866.6667,
    "x": -5.011,
    "y": -7.786,
  },
  {
    "archetypeId": "slime-clamper",
    "kind": "enemySpawn",
    "simTime": 199716.6667,
    "x": -9.0761,
    "y": -7.98,
  },
  {
    "archetypeId": "slime-clamper",
    "entityKind": "enemy",
    "kind": "death",
    "simTime": 199716.6667,
    "x": -9.0345,
    "y": -7.978,
  },
  {
    "archetypeId": "slime-ninja",
    "kind": "enemySpawn",
    "simTime": 200583.3333,
    "x": -14.96,
    "y": -4.5478,
  },
  {
    "archetypeId": "slime-ninja",
    "entityKind": "enemy",
    "kind": "death",
    "simTime": 200583.3333,
    "x": -14.9188,
    "y": -4.5612,
  },
  {
    "archetypeId": "overdrive",
    "kind": "dropSpawn",
    "simTime": 200583.3333,
    "x": -14.9188,
    "y": -4.5612,
  },
  {
    "archetypeId": "overdrive",
    "kind": "dropPickup",
    "simTime": 200600,
    "x": -14.9188,
    "y": -4.5612,
  },
  {
    "archetypeId": "slime-candle",
    "kind": "enemySpawn",
    "simTime": 201450,
    "x": -12.4465,
    "y": 8.04,
  },
  {
    "archetypeId": "slime-candle",
    "entityKind": "enemy",
    "kind": "death",
    "simTime": 201450,
    "x": -12.4545,
    "y": 7.9991,
  },
  {
    "archetypeId": "slime-door",
    "kind": "enemySpawn",
    "simTime": 203983.3333,
    "x": 6.1225,
    "y": 7.74,
  },
  {
    "archetypeId": "slime-door",
    "entityKind": "enemy",
    "kind": "death",
    "simTime": 203983.3333,
    "x": 6.1067,
    "y": 7.7307,
  },
  {
    "archetypeId": "slime-candle",
    "kind": "enemySpawn",
    "simTime": 204700,
    "x": -1.1751,
    "y": 8.04,
  },
  {
    "archetypeId": "slime-candle",
    "entityKind": "enemy",
    "kind": "death",
    "simTime": 204700,
    "x": -1.2058,
    "y": 8.0118,
  },
  {
    "archetypeId": "slime-mech",
    "kind": "enemySpawn",
    "simTime": 205416.6667,
    "x": 2.7534,
    "y": -7.8,
  },
  {
    "archetypeId": "slime-mech",
    "entityKind": "enemy",
    "kind": "death",
    "simTime": 205416.6667,
    "x": 2.7239,
    "y": -7.7946,
  },
  {
    "archetypeId": "fragment",
    "kind": "dropSpawn",
    "simTime": 205416.6667,
    "x": 2.7239,
    "y": -7.7946,
  },
  {
    "archetypeId": "fragment",
    "kind": "dropPickup",
    "simTime": 205433.3333,
    "x": 2.7239,
    "y": -7.7946,
  },
  {
    "archetypeId": "slime-clamper",
    "kind": "enemySpawn",
    "simTime": 206133.3333,
    "x": 1.1335,
    "y": -7.98,
  },
  {
    "archetypeId": "slime-clamper",
    "entityKind": "enemy",
    "kind": "death",
    "simTime": 206133.3333,
    "x": 1.1749,
    "y": -7.9752,
  },
  {
    "archetypeId": "slime-ninja",
    "kind": "enemySpawn",
    "simTime": 206850,
    "x": -14.96,
    "y": -3.265,
  },
  {
    "archetypeId": "slime-ninja",
    "entityKind": "enemy",
    "kind": "death",
    "simTime": 206850,
    "x": -14.918,
    "y": -3.2757,
  },
  {
    "archetypeId": "slime-mech",
    "kind": "enemySpawn",
    "simTime": 207566.6667,
    "x": -14.8,
    "y": 0.0554,
  },
  {
    "archetypeId": "slime-mech",
    "entityKind": "enemy",
    "kind": "death",
    "simTime": 207566.6667,
    "x": -14.7726,
    "y": 0.0431,
  },
  {
    "archetypeId": "slime-clamper",
    "kind": "enemySpawn",
    "simTime": 208283.3333,
    "x": 14.98,
    "y": 2.0384,
  },
  {
    "archetypeId": "slime-clamper",
    "entityKind": "enemy",
    "kind": "death",
    "simTime": 208283.3333,
    "x": 14.9475,
    "y": 2.0124,
  },
  {
    "archetypeId": "slime-ninja",
    "kind": "enemySpawn",
    "simTime": 209000,
    "x": -0.2325,
    "y": 7.96,
  },
  {
    "archetypeId": "slime-ninja",
    "entityKind": "enemy",
    "kind": "death",
    "simTime": 209000,
    "x": -0.2245,
    "y": 7.9174,
  },
  {
    "archetypeId": "overdrive",
    "kind": "dropSpawn",
    "simTime": 209000,
    "x": -0.2245,
    "y": 7.9174,
  },
  {
    "archetypeId": "overdrive",
    "kind": "dropPickup",
    "simTime": 209016.6667,
    "x": -0.2245,
    "y": 7.9174,
  },
  {
    "archetypeId": "slime-obelisk",
    "kind": "enemySpawn",
    "simTime": 209716.6667,
    "x": -15,
    "y": -0.7921,
  },
  {
    "archetypeId": "slime-obelisk",
    "entityKind": "enemy",
    "kind": "death",
    "simTime": 209716.6667,
    "x": -14.9713,
    "y": -0.7752,
  },
  {
    "archetypeId": "slime-candle",
    "kind": "enemySpawn",
    "simTime": 210433.3333,
    "x": -7.5126,
    "y": 8.04,
  },
  {
    "archetypeId": "slime-candle",
    "entityKind": "enemy",
    "kind": "death",
    "simTime": 210433.3333,
    "x": -7.4709,
    "y": 8.0393,
  },
  {
    "archetypeId": "slime-mech",
    "kind": "enemySpawn",
    "simTime": 211150,
    "x": -14.8,
    "y": -0.9254,
  },
  {
    "archetypeId": "slime-mech",
    "entityKind": "enemy",
    "kind": "death",
    "simTime": 211150,
    "x": -14.7744,
    "y": -0.9099,
  },
  {
    "archetypeId": "slime-clamper",
    "kind": "enemySpawn",
    "simTime": 211866.6667,
    "x": -7.2475,
    "y": -7.98,
  },
  {
    "archetypeId": "slime-clamper",
    "entityKind": "enemy",
    "kind": "death",
    "simTime": 211866.6667,
    "x": -7.2306,
    "y": -7.9419,
  },
  {
    "archetypeId": "slime-ninja",
    "kind": "enemySpawn",
    "simTime": 212583.3333,
    "x": 13.5222,
    "y": -7.96,
  },
  {
    "archetypeId": "slime-ninja",
    "entityKind": "enemy",
    "kind": "death",
    "simTime": 212583.3333,
    "x": 13.4938,
    "y": -7.9272,
  },
  {
    "archetypeId": "overdrive",
    "kind": "dropSpawn",
    "simTime": 212583.3333,
    "x": 13.4938,
    "y": -7.9272,
  },
  {
    "archetypeId": "overdrive",
    "kind": "dropPickup",
    "simTime": 212600,
    "x": 13.4938,
    "y": -7.9272,
  },
  {
    "archetypeId": "slime-obelisk",
    "kind": "enemySpawn",
    "simTime": 213300,
    "x": -4.1264,
    "y": -8,
  },
  {
    "archetypeId": "slime-obelisk",
    "entityKind": "enemy",
    "kind": "death",
    "simTime": 213300,
    "x": -4.0931,
    "y": -7.9999,
  },
  {
    "archetypeId": "slime-obelisk",
    "kind": "enemySpawn",
    "simTime": 214016.6667,
    "x": -12.8593,
    "y": 8,
  },
  {
    "archetypeId": "slime-obelisk",
    "entityKind": "enemy",
    "kind": "death",
    "simTime": 214016.6667,
    "x": -12.8307,
    "y": 7.9828,
  },
  {
    "archetypeId": "slime-ninja",
    "kind": "enemySpawn",
    "simTime": 214733.3333,
    "x": 9.02,
    "y": 7.96,
  },
  {
    "archetypeId": "slime-ninja",
    "entityKind": "enemy",
    "kind": "death",
    "simTime": 214733.3333,
    "x": 9.0317,
    "y": 7.9183,
  },
  {
    "archetypeId": "boss-bubble-hog",
    "entityKind": "boss",
    "kind": "death",
    "simTime": 218266.6667,
    "x": 0,
    "y": 7.3042,
  },
]
`;
